Archive member included to satisfy reference by file (symbol)

c:/st/stm32cubeide_1.8.0/stm32cubeide/plugins/com.st.stm32cube.ide.mcu.externaltools.gnu-tools-for-stm32.9-2020-q2-update.win32_2.0.0.202105311346/tools/bin/../lib/gcc/arm-none-eabi/9.3.1/../../../../arm-none-eabi/lib/thumb/v7e-m+fp/hard\libc_nano.a(lib_a-errno.o)
                              ./Core/Src/syscalls.o (__errno)
c:/st/stm32cubeide_1.8.0/stm32cubeide/plugins/com.st.stm32cube.ide.mcu.externaltools.gnu-tools-for-stm32.9-2020-q2-update.win32_2.0.0.202105311346/tools/bin/../lib/gcc/arm-none-eabi/9.3.1/../../../../arm-none-eabi/lib/thumb/v7e-m+fp/hard\libc_nano.a(lib_a-exit.o)
                              c:/st/stm32cubeide_1.8.0/stm32cubeide/plugins/com.st.stm32cube.ide.mcu.externaltools.gnu-tools-for-stm32.9-2020-q2-update.win32_2.0.0.202105311346/tools/bin/../lib/gcc/arm-none-eabi/9.3.1/../../../../arm-none-eabi/lib/thumb/v7e-m+fp/hard/crt0.o (exit)
c:/st/stm32cubeide_1.8.0/stm32cubeide/plugins/com.st.stm32cube.ide.mcu.externaltools.gnu-tools-for-stm32.9-2020-q2-update.win32_2.0.0.202105311346/tools/bin/../lib/gcc/arm-none-eabi/9.3.1/../../../../arm-none-eabi/lib/thumb/v7e-m+fp/hard\libc_nano.a(lib_a-findfp.o)
                              ./Middlewares/Third_Party/FreeRTOS/Source/tasks.o (__sf_fake_stderr)
c:/st/stm32cubeide_1.8.0/stm32cubeide/plugins/com.st.stm32cube.ide.mcu.externaltools.gnu-tools-for-stm32.9-2020-q2-update.win32_2.0.0.202105311346/tools/bin/../lib/gcc/arm-none-eabi/9.3.1/../../../../arm-none-eabi/lib/thumb/v7e-m+fp/hard\libc_nano.a(lib_a-fwalk.o)
                              c:/st/stm32cubeide_1.8.0/stm32cubeide/plugins/com.st.stm32cube.ide.mcu.externaltools.gnu-tools-for-stm32.9-2020-q2-update.win32_2.0.0.202105311346/tools/bin/../lib/gcc/arm-none-eabi/9.3.1/../../../../arm-none-eabi/lib/thumb/v7e-m+fp/hard\libc_nano.a(lib_a-findfp.o) (_fwalk)
c:/st/stm32cubeide_1.8.0/stm32cubeide/plugins/com.st.stm32cube.ide.mcu.externaltools.gnu-tools-for-stm32.9-2020-q2-update.win32_2.0.0.202105311346/tools/bin/../lib/gcc/arm-none-eabi/9.3.1/../../../../arm-none-eabi/lib/thumb/v7e-m+fp/hard\libc_nano.a(lib_a-impure.o)
                              c:/st/stm32cubeide_1.8.0/stm32cubeide/plugins/com.st.stm32cube.ide.mcu.externaltools.gnu-tools-for-stm32.9-2020-q2-update.win32_2.0.0.202105311346/tools/bin/../lib/gcc/arm-none-eabi/9.3.1/../../../../arm-none-eabi/lib/thumb/v7e-m+fp/hard\libc_nano.a(lib_a-exit.o) (_global_impure_ptr)
c:/st/stm32cubeide_1.8.0/stm32cubeide/plugins/com.st.stm32cube.ide.mcu.externaltools.gnu-tools-for-stm32.9-2020-q2-update.win32_2.0.0.202105311346/tools/bin/../lib/gcc/arm-none-eabi/9.3.1/../../../../arm-none-eabi/lib/thumb/v7e-m+fp/hard\libc_nano.a(lib_a-init.o)
                              c:/st/stm32cubeide_1.8.0/stm32cubeide/plugins/com.st.stm32cube.ide.mcu.externaltools.gnu-tools-for-stm32.9-2020-q2-update.win32_2.0.0.202105311346/tools/bin/../lib/gcc/arm-none-eabi/9.3.1/../../../../arm-none-eabi/lib/thumb/v7e-m+fp/hard/crt0.o (__libc_init_array)
c:/st/stm32cubeide_1.8.0/stm32cubeide/plugins/com.st.stm32cube.ide.mcu.externaltools.gnu-tools-for-stm32.9-2020-q2-update.win32_2.0.0.202105311346/tools/bin/../lib/gcc/arm-none-eabi/9.3.1/../../../../arm-none-eabi/lib/thumb/v7e-m+fp/hard\libc_nano.a(lib_a-lock.o)
                              c:/st/stm32cubeide_1.8.0/stm32cubeide/plugins/com.st.stm32cube.ide.mcu.externaltools.gnu-tools-for-stm32.9-2020-q2-update.win32_2.0.0.202105311346/tools/bin/../lib/gcc/arm-none-eabi/9.3.1/../../../../arm-none-eabi/lib/thumb/v7e-m+fp/hard\libc_nano.a(lib_a-findfp.o) (__retarget_lock_init_recursive)
c:/st/stm32cubeide_1.8.0/stm32cubeide/plugins/com.st.stm32cube.ide.mcu.externaltools.gnu-tools-for-stm32.9-2020-q2-update.win32_2.0.0.202105311346/tools/bin/../lib/gcc/arm-none-eabi/9.3.1/../../../../arm-none-eabi/lib/thumb/v7e-m+fp/hard\libc_nano.a(lib_a-memcpy-stub.o)
                              ./Middlewares/Third_Party/FreeRTOS/Source/CMSIS_RTOS_V2/cmsis_os2.o (memcpy)
c:/st/stm32cubeide_1.8.0/stm32cubeide/plugins/com.st.stm32cube.ide.mcu.externaltools.gnu-tools-for-stm32.9-2020-q2-update.win32_2.0.0.202105311346/tools/bin/../lib/gcc/arm-none-eabi/9.3.1/../../../../arm-none-eabi/lib/thumb/v7e-m+fp/hard\libc_nano.a(lib_a-memset.o)
                              c:/st/stm32cubeide_1.8.0/stm32cubeide/plugins/com.st.stm32cube.ide.mcu.externaltools.gnu-tools-for-stm32.9-2020-q2-update.win32_2.0.0.202105311346/tools/bin/../lib/gcc/arm-none-eabi/9.3.1/../../../../arm-none-eabi/lib/thumb/v7e-m+fp/hard/crt0.o (memset)
c:/st/stm32cubeide_1.8.0/stm32cubeide/plugins/com.st.stm32cube.ide.mcu.externaltools.gnu-tools-for-stm32.9-2020-q2-update.win32_2.0.0.202105311346/tools/bin/../lib/gcc/arm-none-eabi/9.3.1/../../../../arm-none-eabi/lib/thumb/v7e-m+fp/hard\libc_nano.a(lib_a-nano-mallocr.o)
[...]
Memory Configuration

Name             Origin             Length             Attributes
RAM              0x0000000020000000 0x0000000000020000 xrw
FLASH            0x0000000008000000 0x0000000000080000 xr
*default*        0x0000000000000000 0xffffffffffffffff

Linker script and memory map

LOAD c:/st/stm32cubeide_1.8.0/stm32cubeide/plugins/com.st.stm32cube.ide.mcu.externaltools.gnu-tools-for-stm32.9-2020-q2-update.win32_2.0.0.202105311346/tools/bin/../lib/gcc/arm-none-eabi/9.3.1/thumb/v7e-m+fp/hard/crti.o
LOAD c:/st/stm32cubeide_1.8.0/stm32cubeide/plugins/com.st.stm32cube.ide.mcu.externaltools.gnu-tools-for-stm32.9-2020-q2-update.win32_2.0.0.202105311346/tools/bin/../lib/gcc/arm-none-eabi/9.3.1/thumb/v7e-m+fp/hard/crtbegin.o
LOAD c:/st/stm32cubeide_1.8.0/stm32cubeide/plugins/com.st.stm32cube.ide.mcu.externaltools.gnu-tools-for-stm32.9-2020-q2-update.win32_2.0.0.202105311346/tools/bin/../lib/gcc/arm-none-eabi/9.3.1/../../../../arm-none-eabi/lib/thumb/v7e-m+fp/hard/crt0.o
LOAD ./Core/Src/I2C.o
LOAD ./Core/Src/MPU6050.o
LOAD ./Core/Src/freertos.o
LOAD ./Core/Src/main.o
LOAD ./Core/Src/stm32f4xx_hal_msp.o
LOAD ./Core/Src/stm32f4xx_hal_timebase_tim.o
LOAD ./Core/Src/stm32f4xx_it.o
LOAD ./Core/Src/syscalls.o
LOAD ./Core/Src/sysmem.o
LOAD ./Core/Src/system_stm32f4xx.o
LOAD ./Core/Startup/startup_stm32f411ceux.o
LOAD ./Drivers/STM32F4xx_HAL_Driver/Src/stm32f4xx_hal.o
LOAD ./Drivers/STM32F4xx_HAL_Driver/Src/stm32f4xx_hal_cortex.o
LOAD ./Drivers/STM32F4xx_HAL_Driver/Src/stm32f4xx_hal_dma.o
LOAD ./Drivers/STM32F4xx_HAL_Driver/Src/stm32f4xx_hal_dma_ex.o
LOAD ./Drivers/STM32F4xx_HAL_Driver/Src/stm32f4xx_hal_exti.o
LOAD ./Drivers/STM32F4xx_HAL_Driver/Src/stm32f4xx_hal_flash.o
LOAD ./Drivers/STM32F4xx_HAL_Driver/Src/stm32f4xx_hal_flash_ex.o
LOAD ./Drivers/STM32F4xx_HAL_Driver/Src/stm32f4xx_hal_flash_ramfunc.o
LOAD ./Drivers/STM32F4xx_HAL_Driver/Src/stm32f4xx_hal_gpio.o
LOAD ./Drivers/STM32F4xx_HAL_Driver/Src/stm32f4xx_hal_i2c.o
LOAD ./Drivers/STM32F4xx_HAL_Driver/Src/stm32f4xx_hal_i2c_ex.o
LOAD ./Drivers/STM32F4xx_HAL_Driver/Src/stm32f4xx_hal_pcd.o
LOAD ./Drivers/STM32F4xx_HAL_Driver/Src/stm32f4xx_hal_pcd_ex.o
LOAD ./Drivers/STM32F4xx_HAL_Driver/Src/stm32f4xx_hal_pwr.o
LOAD ./Drivers/STM32F4xx_HAL_Driver/Src/stm32f4xx_hal_pwr_ex.o
LOAD ./Drivers/STM32F4xx_HAL_Driver/Src/stm32f4xx_hal_rcc.o
LOAD ./Drivers/STM32F4xx_HAL_Driver/Src/stm32f4xx_hal_rcc_ex.o
LOAD ./Drivers/STM32F4xx_HAL_Driver/Src/stm32f4xx_hal_tim.o
LOAD ./Drivers/STM32F4xx_HAL_Driver/Src/stm32f4xx_hal_tim_ex.o
LOAD ./Drivers/STM32F4xx_HAL_Driver/Src/stm32f4xx_hal_uart.o
LOAD ./Drivers/STM32F4xx_HAL_Driver/Src/stm32f4xx_ll_usb.o
LOAD ./Middlewares/ST/STM32_USB_Device_Library/Class/CDC/Src/usbd_cdc.o
LOAD ./Middlewares/ST/STM32_USB_Device_Library/Core/Src/usbd_core.o
LOAD ./Middlewares/ST/STM32_USB_Device_Library/Core/Src/usbd_ctlreq.o
LOAD ./Middlewares/ST/STM32_USB_Device_Library/Core/Src/usbd_ioreq.o
LOAD ./Middlewares/Third_Party/FreeRTOS/Source/CMSIS_RTOS_V2/cmsis_os2.o
LOAD ./Middlewares/Third_Party/FreeRTOS/Source/croutine.o
LOAD ./Middlewares/Third_Party/FreeRTOS/Source/event_groups.o
LOAD ./Middlewares/Third_Party/FreeRTOS/Source/list.o
LOAD ./Middlewares/Third_Party/FreeRTOS/Source/queue.o
LOAD ./Middlewares/Third_Party/FreeRTOS/Source/stream_buffer.o
LOAD ./Middlewares/Third_Party/FreeRTOS/Source/tasks.o
LOAD ./Middlewares/Third_Party/FreeRTOS/Source/timers.o
LOAD ./Middlewares/Third_Party/FreeRTOS/Source/portable/GCC/ARM_CM4F/port.o
LOAD ./Middlewares/Third_Party/FreeRTOS/Source/portable/MemMang/heap_4.o
LOAD ./USB_DEVICE/App/usb_device.o
LOAD ./USB_DEVICE/App/usbd_cdc_if.o
LOAD ./USB_DEVICE/App/usbd_desc.o
LOAD ./USB_DEVICE/Target/usbd_conf.o
START GROUP
LOAD c:/st/stm32cubeide_1.8.0/stm32cubeide/plugins/com.st.stm32cube.ide.mcu.externaltools.gnu-tools-for-stm32.9-2020-q2-update.win32_2.0.0.202105311346/tools/bin/../lib/gcc/arm-none-eabi/9.3.1/../../../../arm-none-eabi/lib/thumb/v7e-m+fp/hard\libc_nano.a
LOAD c:/st/stm32cubeide_1.8.0/stm32cubeide/plugins/com.st.stm32cube.ide.mcu.externaltools.gnu-tools-for-stm32.9-2020-q2-update.win32_2.0.0.202105311346/tools/bin/../lib/gcc/arm-none-eabi/9.3.1/../../../../arm-none-eabi/lib/thumb/v7e-m+fp/hard\libm.a
END GROUP
START GROUP
LOAD c:/st/stm32cubeide_1.8.0/stm32cubeide/plugins/com.st.stm32cube.ide.mcu.externaltools.gnu-tools-for-stm32.9-2020-q2-update.win32_2.0.0.202105311346/tools/bin/../lib/gcc/arm-none-eabi/9.3.1/thumb/v7e-m+fp/hard\libgcc.a
LOAD c:/st/stm32cubeide_1.8.0/stm32cubeide/plugins/com.st.stm32cube.ide.mcu.externaltools.gnu-tools-for-stm32.9-2020-q2-update.win32_2.0.0.202105311346/tools/bin/../lib/gcc/arm-none-eabi/9.3.1/../../../../arm-none-eabi/lib/thumb/v7e-m+fp/hard\libc_nano.a
END GROUP
START GROUP
LOAD c:/st/stm32cubeide_1.8.0/stm32cubeide/plugins/com.st.stm32cube.ide.mcu.externaltools.gnu-tools-for-stm32.9-2020-q2-update.win32_2.0.0.202105311346/tools/bin/../lib/gcc/arm-none-eabi/9.3.1/thumb/v7e-m+fp/hard\libgcc.a
LOAD c:/st/stm32cubeide_1.8.0/stm32cubeide/plugins/com.st.stm32cube.ide.mcu.externaltools.gnu-tools-for-stm32.9-2020-q2-update.win32_2.0.0.202105311346/tools/bin/../lib/gcc/arm-none-eabi/9.3.1/../../../../arm-none-eabi/lib/thumb/v7e-m+fp/hard\libc_nano.a
LOAD c:/st/stm32cubeide_1.8.0/stm32cubeide/plugins/com.st.stm32cube.ide.mcu.externaltools.gnu-tools-for-stm32.9-2020-q2-update.win32_2.0.0.202105311346/tools/bin/../lib/gcc/arm-none-eabi/9.3.1/../../../../arm-none-eabi/lib/thumb/v7e-m+fp/hard\libnosys.a
END GROUP
START GROUP
LOAD c:/st/stm32cubeide_1.8.0/stm32cubeide/plugins/com.st.stm32cube.ide.mcu.externaltools.gnu-tools-for-stm32.9-2020-q2-update.win32_2.0.0.202105311346/tools/bin/../lib/gcc/arm-none-eabi/9.3.1/thumb/v7e-m+fp/hard\libgcc.a
LOAD c:/st/stm32cubeide_1.8.0/stm32cubeide/plugins/com.st.stm32cube.ide.mcu.externaltools.gnu-tools-for-stm32.9-2020-q2-update.win32_2.0.0.202105311346/tools/bin/../lib/gcc/arm-none-eabi/9.3.1/../../../../arm-none-eabi/lib/thumb/v7e-m+fp/hard\libc_nano.a
LOAD c:/st/stm32cubeide_1.8.0/stm32cubeide/plugins/com.st.stm32cube.ide.mcu.externaltools.gnu-tools-for-stm32.9-2020-q2-update.win32_2.0.0.202105311346/tools/bin/../lib/gcc/arm-none-eabi/9.3.1/../../../../arm-none-eabi/lib/thumb/v7e-m+fp/hard\libnosys.a
END GROUP
LOAD c:/st/stm32cubeide_1.8.0/stm32cubeide/plugins/com.st.stm32cube.ide.mcu.externaltools.gnu-tools-for-stm32.9-2020-q2-update.win32_2.0.0.202105311346/tools/bin/../lib/gcc/arm-none-eabi/9.3.1/thumb/v7e-m+fp/hard/crtend.o
LOAD c:/st/stm32cubeide_1.8.0/stm32cubeide/plugins/com.st.stm32cube.ide.mcu.externaltools.gnu-tools-for-stm32.9-2020-q2-update.win32_2.0.0.202105311346/tools/bin/../lib/gcc/arm-none-eabi/9.3.1/thumb/v7e-m+fp/hard/crtn.o
                0x0000000020020000                _estack = (ORIGIN (RAM) + LENGTH (RAM))
                0x0000000000000200                _Min_Heap_Size = 0x200
                0x0000000000000400                _Min_Stack_Size = 0x400

.isr_vector     0x0000000008000000      0x198
                0x0000000008000000                . = ALIGN (0x4)
 *(.isr_vector)
 .isr_vector    0x0000000008000000      0x198 ./Core/Startup/startup_stm32f411ceux.o
                0x0000000008000000                g_pfnVectors
                0x0000000008000198                . = ALIGN (0x4)

.text           0x00000000080001a0     0xa69c
                0x00000000080001a0                . = ALIGN (0x4)
 *(.text)
 .text          0x00000000080001a0       0x40 c:/st/stm32cubeide_1.8.0/stm32cubeide/plugins/com.st.stm32cube.ide.mcu.externaltools.gnu-tools-for-stm32.9-2020-q2-update.win32_2.0.0.202105311346/tools/bin/../lib/gcc/arm-none-eabi/9.3.1/thumb/v7e-m+fp/hard/crtbegin.o
 .text          0x00000000080001e0       0x30 c:/st/stm32cubeide_1.8.0/stm32cubeide/plugins/com.st.stm32cube.ide.mcu.externaltools.gnu-tools-for-stm32.9-2020-q2-update.win32_2.0.0.202105311346/tools/bin/../lib/gcc/arm-none-eabi/9.3.1/thumb/v7e-m+fp/hard\libgcc.a(_aeabi_uldivmod.o)
                0x00000000080001e0                __aeabi_uldivmod
 .text          0x0000000008000210      0x2c4 c:/st/stm32cubeide_1.8.0/stm32cubeide/plugins/com.st.stm32cube.ide.mcu.externaltools.gnu-tools-for-stm32.9-2020-q2-update.win32_2.0.0.202105311346/tools/bin/../lib/gcc/arm-none-eabi/9.3.1/thumb/v7e-m+fp/hard\libgcc.a(_udivmoddi4.o)
                0x0000000008000210                __udivmoddi4
 .text          0x00000000080004d4        0x4 c:/st/stm32cubeide_1.8.0/stm32cubeide/plugins/com.st.stm32cube.ide.mcu.externaltools.gnu-tools-for-stm32.9-2020-q2-update.win32_2.0.0.202105311346/tools/bin/../lib/gcc/arm-none-eabi/9.3.1/thumb/v7e-m+fp/hard\libgcc.a(_dvmd_tls.o)
                0x00000000080004d4                __aeabi_idiv0
                0x00000000080004d4                __aeabi_ldiv0
 *(.text*)
 .text.I2C_Start
                0x00000000080004d8       0x56 ./Core/Src/I2C.o
                0x00000000080004d8                I2C_Start
 .text.I2C_Restart
                0x000000000800052e       0x36 ./Core/Src/I2C.o
                0x000000000800052e                I2C_Restart
 .text.I2C_AddressRead
                0x0000000008000564       0x3a ./Core/Src/I2C.o
                0x0000000008000564                I2C_AddressRead
 .text.I2C_AddressWrite
                0x000000000800059e       0x46 ./Core/Src/I2C.o
                0x000000000800059e                I2C_AddressWrite
 .text.I2C_Stop
                0x00000000080005e4       0x26 ./Core/Src/I2C.o
                0x00000000080005e4                I2C_Stop
 .text.I2C_SendByte
                0x000000000800060a       0x42 ./Core/Src/I2C.o
                0x000000000800060a                I2C_SendByte
 .text.I2C_ReadData
                0x000000000800064c       0x34 ./Core/Src/I2C.o
                0x000000000800064c                I2C_ReadData
 .text.I2C_ReceiveBytes
                0x0000000008000680      0x220 ./Core/Src/I2C.o
                0x0000000008000680                I2C_ReceiveBytes
 .text.I2C_ReadByte
                0x00000000080008a0       0x6a ./Core/Src/I2C.o
                0x00000000080008a0                I2C_ReadByte
 .text.I2C_ReadBytes
                0x000000000800090a       0x44 ./Core/Src/I2C.o
                0x000000000800090a                I2C_ReadBytes
 .text.I2C_WriteByte
                0x000000000800094e       0x46 ./Core/Src/I2C.o
                0x000000000800094e                I2C_WriteByte
 .text.I2C_RequestRead
                0x0000000008000994       0x34 ./Core/Src/I2C.o
                0x0000000008000994                I2C_RequestRead
 .text.MPU6050_Init
                0x00000000080009c8      0x102 ./Core/Src/MPU6050.o
                0x00000000080009c8                MPU6050_Init
 .text.MPU6050_ReadSensors
                0x0000000008000aca       0x1e ./Core/Src/MPU6050.o
                0x0000000008000aca                MPU6050_ReadSensors
 .text.MPU6050_ReadSensorData
                0x0000000008000ae8       0x24 ./Core/Src/MPU6050.o
                0x0000000008000ae8                MPU6050_ReadSensorData
 .text.MPU6050_CalculateSensorData
                0x0000000008000b0c       0x24 ./Core/Src/MPU6050.o
                0x0000000008000b0c                MPU6050_CalculateSensorData
 .text.MPU6050_CalculateAccel
                0x0000000008000b30       0xa4 ./Core/Src/MPU6050.o
                0x0000000008000b30                MPU6050_CalculateAccel
 .text.MPU6050_CalculateTemp
                0x0000000008000bd4       0x54 ./Core/Src/MPU6050.o
                0x0000000008000bd4                MPU6050_CalculateTemp
 .text.MPU6050_CalculateGyro
                0x0000000008000c28       0xa4 ./Core/Src/MPU6050.o
                0x0000000008000c28                MPU6050_CalculateGyro
 .text.MPU6050_ReadRegister
                0x0000000008000ccc       0x26 ./Core/Src/MPU6050.o
                0x0000000008000ccc                MPU6050_ReadRegister
 .text.MPU6050_ReadRegisters
                0x0000000008000cf2       0x32 ./Core/Src/MPU6050.o
                0x0000000008000cf2                MPU6050_ReadRegisters
 .text.MPU6050_WriteRegister
                0x0000000008000d24       0x26 ./Core/Src/MPU6050.o
                0x0000000008000d24                MPU6050_WriteRegister
 *fill*         0x0000000008000d4a        0x2 
 .text.main     0x0000000008000d4c       0x7c ./Core/Src/main.o
                0x0000000008000d4c                main
 .text.SystemClock_Config
                0x0000000008000dc8       0xd0 ./Core/Src/main.o
                0x0000000008000dc8                SystemClock_Config
 .text.MX_I2C1_Init
                0x0000000008000e98       0x5c ./Core/Src/main.o
 .text.MX_USART1_UART_Init
                0x0000000008000ef4       0x54 ./Core/Src/main.o
 .text.MX_GPIO_Init
                0x0000000008000f48       0xc0 ./Core/Src/main.o
 .text.StartReadIMU
                0x0000000008001008       0x20 ./Core/Src/main.o
                0x0000000008001008                StartReadIMU
 .text.StartSendBLEData
                0x0000000008001028       0x20 ./Core/Src/main.o
                0x0000000008001028                StartSendBLEData
 .text.HAL_TIM_PeriodElapsedCallback
                0x0000000008001048       0x24 ./Core/Src/main.o
                0x0000000008001048                HAL_TIM_PeriodElapsedCallback
 .text.Error_Handler
                0x000000000800106c        0xa ./Core/Src/main.o
                0x000000000800106c                Error_Handler
 *fill*         0x0000000008001076        0x2 
 .text.HAL_MspInit
                0x0000000008001078       0x58 ./Core/Src/stm32f4xx_hal_msp.o
                0x0000000008001078                HAL_MspInit
 .text.HAL_I2C_MspInit
                0x00000000080010d0       0x90 ./Core/Src/stm32f4xx_hal_msp.o
                0x00000000080010d0                HAL_I2C_MspInit
 .text.HAL_UART_MspInit
                0x0000000008001160       0x90 ./Core/Src/stm32f4xx_hal_msp.o
                0x0000000008001160                HAL_UART_MspInit
 .text.HAL_InitTick
                0x00000000080011f0       0xb0 ./Core/Src/stm32f4xx_hal_timebase_tim.o
                0x00000000080011f0                HAL_InitTick
 .text.NMI_Handler
                0x00000000080012a0        0x6 ./Core/Src/stm32f4xx_it.o
                0x00000000080012a0                NMI_Handler
 .text.HardFault_Handler
                0x00000000080012a6        0x6 ./Core/Src/stm32f4xx_it.o
                0x00000000080012a6                HardFault_Handler
 .text.MemManage_Handler
                0x00000000080012ac        0x6 ./Core/Src/stm32f4xx_it.o
                0x00000000080012ac                MemManage_Handler
 .text.BusFault_Handler
                0x00000000080012b2        0x6 ./Core/Src/stm32f4xx_it.o
                0x00000000080012b2                BusFault_Handler
 .text.UsageFault_Handler
                0x00000000080012b8        0x6 ./Core/Src/stm32f4xx_it.o
                0x00000000080012b8                UsageFault_Handler
 .text.DebugMon_Handler
                0x00000000080012be        0xe ./Core/Src/stm32f4xx_it.o
                0x00000000080012be                DebugMon_Handler
 .text.TIM1_BRK_TIM9_IRQHandler
                0x00000000080012cc       0x14 ./Core/Src/stm32f4xx_it.o
                0x00000000080012cc                TIM1_BRK_TIM9_IRQHandler
 .text.OTG_FS_IRQHandler
                0x00000000080012e0       0x14 ./Core/Src/stm32f4xx_it.o
                0x00000000080012e0                OTG_FS_IRQHandler
 .text.SystemInit
                0x00000000080012f4       0x24 ./Core/Src/system_stm32f4xx.o
                0x00000000080012f4                SystemInit
 .text.Reset_Handler
                0x0000000008001318       0x50 ./Core/Startup/startup_stm32f411ceux.o
                0x0000000008001318                Reset_Handler
 .text.Default_Handler
                0x0000000008001368        0x2 ./Core/Startup/startup_stm32f411ceux.o
                0x0000000008001368                RTC_Alarm_IRQHandler
                0x0000000008001368                EXTI2_IRQHandler
                0x0000000008001368                SPI4_IRQHandler
                0x0000000008001368                TIM1_CC_IRQHandler
                0x0000000008001368                DMA2_Stream5_IRQHandler
                0x0000000008001368                DMA1_Stream5_IRQHandler
                0x0000000008001368                PVD_IRQHandler
                0x0000000008001368                SDIO_IRQHandler
                0x0000000008001368                TAMP_STAMP_IRQHandler
                0x0000000008001368                EXTI3_IRQHandler
                0x0000000008001368                TIM1_UP_TIM10_IRQHandler
                0x0000000008001368                I2C3_ER_IRQHandler
                0x0000000008001368                EXTI0_IRQHandler
                0x0000000008001368                I2C2_EV_IRQHandler
                0x0000000008001368                DMA1_Stream2_IRQHandler
                0x0000000008001368                FPU_IRQHandler
                0x0000000008001368                DMA2_Stream2_IRQHandler
                0x0000000008001368                SPI1_IRQHandler
                0x0000000008001368                DMA2_Stream3_IRQHandler
                0x0000000008001368                USART6_IRQHandler
                0x0000000008001368                DMA2_Stream0_IRQHandler
                0x0000000008001368                TIM4_IRQHandler
                0x0000000008001368                I2C1_EV_IRQHandler
                0x0000000008001368                DMA1_Stream6_IRQHandler
                0x0000000008001368                DMA1_Stream1_IRQHandler
                0x0000000008001368                TIM3_IRQHandler
                0x0000000008001368                RCC_IRQHandler
                0x0000000008001368                Default_Handler
                0x0000000008001368                EXTI15_10_IRQHandler
                0x0000000008001368                ADC_IRQHandler
                0x0000000008001368                DMA1_Stream7_IRQHandler
                0x0000000008001368                SPI5_IRQHandler
                0x0000000008001368                TIM5_IRQHandler
                0x0000000008001368                DMA2_Stream7_IRQHandler
                0x0000000008001368                I2C3_EV_IRQHandler
                0x0000000008001368                EXTI9_5_IRQHandler
                0x0000000008001368                RTC_WKUP_IRQHandler
                0x0000000008001368                SPI2_IRQHandler
                0x0000000008001368                DMA1_Stream0_IRQHandler
                0x0000000008001368                EXTI4_IRQHandler
                0x0000000008001368                WWDG_IRQHandler
                0x0000000008001368                TIM2_IRQHandler
                0x0000000008001368                OTG_FS_WKUP_IRQHandler
                0x0000000008001368                TIM1_TRG_COM_TIM11_IRQHandler
                0x0000000008001368                EXTI1_IRQHandler
                0x0000000008001368                USART2_IRQHandler
                0x0000000008001368                I2C2_ER_IRQHandler
                0x0000000008001368                DMA2_Stream1_IRQHandler
                0x0000000008001368                FLASH_IRQHandler
                0x0000000008001368                DMA2_Stream4_IRQHandler
                0x0000000008001368                USART1_IRQHandler
                0x0000000008001368                SPI3_IRQHandler
                0x0000000008001368                DMA1_Stream4_IRQHandler
                0x0000000008001368                I2C1_ER_IRQHandler
                0x0000000008001368                DMA2_Stream6_IRQHandler
                0x0000000008001368                DMA1_Stream3_IRQHandler
 *fill*         0x000000000800136a        0x2 
 .text.HAL_Init
                0x000000000800136c       0x44 ./Drivers/STM32F4xx_HAL_Driver/Src/stm32f4xx_hal.o
                0x000000000800136c                HAL_Init
 .text.HAL_IncTick
                0x00000000080013b0       0x28 ./Drivers/STM32F4xx_HAL_Driver/Src/stm32f4xx_hal.o
                0x00000000080013b0                HAL_IncTick
 .text.HAL_GetTick
                0x00000000080013d8       0x18 ./Drivers/STM32F4xx_HAL_Driver/Src/stm32f4xx_hal.o
                0x00000000080013d8                HAL_GetTick
 .text.HAL_Delay
                0x00000000080013f0       0x48 ./Drivers/STM32F4xx_HAL_Driver/Src/stm32f4xx_hal.o
                0x00000000080013f0                HAL_Delay
 .text.__NVIC_SetPriorityGrouping
                0x0000000008001438       0x48 ./Drivers/STM32F4xx_HAL_Driver/Src/stm32f4xx_hal_cortex.o
 .text.__NVIC_GetPriorityGrouping
                0x0000000008001480       0x1c ./Drivers/STM32F4xx_HAL_Driver/Src/stm32f4xx_hal_cortex.o
 .text.__NVIC_EnableIRQ
                0x000000000800149c       0x3c ./Drivers/STM32F4xx_HAL_Driver/Src/stm32f4xx_hal_cortex.o
 .text.__NVIC_SetPriority
                0x00000000080014d8       0x54 ./Drivers/STM32F4xx_HAL_Driver/Src/stm32f4xx_hal_cortex.o
 .text.NVIC_EncodePriority
                0x000000000800152c       0x66 ./Drivers/STM32F4xx_HAL_Driver/Src/stm32f4xx_hal_cortex.o
 .text.HAL_NVIC_SetPriorityGrouping
                0x0000000008001592       0x16 ./Drivers/STM32F4xx_HAL_Driver/Src/stm32f4xx_hal_cortex.o
                0x0000000008001592                HAL_NVIC_SetPriorityGrouping
 .text.HAL_NVIC_SetPriority
                0x00000000080015a8       0x38 ./Drivers/STM32F4xx_HAL_Driver/Src/stm32f4xx_hal_cortex.o
                0x00000000080015a8                HAL_NVIC_SetPriority
 .text.HAL_NVIC_EnableIRQ
                0x00000000080015e0       0x1c ./Drivers/STM32F4xx_HAL_Driver/Src/stm32f4xx_hal_cortex.o
                0x00000000080015e0                HAL_NVIC_EnableIRQ
 .text.HAL_GPIO_Init
                0x00000000080015fc      0x308 ./Drivers/STM32F4xx_HAL_Driver/Src/stm32f4xx_hal_gpio.o
                0x00000000080015fc                HAL_GPIO_Init
 .text.HAL_GPIO_WritePin
                0x0000000008001904       0x32 ./Drivers/STM32F4xx_HAL_Driver/Src/stm32f4xx_hal_gpio.o
                0x0000000008001904                HAL_GPIO_WritePin
 .text.HAL_GPIO_TogglePin
                0x0000000008001936       0x34 ./Drivers/STM32F4xx_HAL_Driver/Src/stm32f4xx_hal_gpio.o
                0x0000000008001936                HAL_GPIO_TogglePin
 *fill*         0x000000000800196a        0x2 
 .text.HAL_I2C_Init
                0x000000000800196c      0x288 ./Drivers/STM32F4xx_HAL_Driver/Src/stm32f4xx_hal_i2c.o
                0x000000000800196c                HAL_I2C_Init
 .text.HAL_PCD_Init
                0x0000000008001bf4      0x23a ./Drivers/STM32F4xx_HAL_Driver/Src/stm32f4xx_hal_pcd.o
                0x0000000008001bf4                HAL_PCD_Init
 .text.HAL_PCD_Start
                0x0000000008001e2e       0x66 ./Drivers/STM32F4xx_HAL_Driver/Src/stm32f4xx_hal_pcd.o
                0x0000000008001e2e                HAL_PCD_Start
 .text.HAL_PCD_IRQHandler
                0x0000000008001e94      0x764 ./Drivers/STM32F4xx_HAL_Driver/Src/stm32f4xx_hal_pcd.o
                0x0000000008001e94                HAL_PCD_IRQHandler
 .text.HAL_PCD_SetAddress
                0x00000000080025f8       0x4a ./Drivers/STM32F4xx_HAL_Driver/Src/stm32f4xx_hal_pcd.o
                0x00000000080025f8                HAL_PCD_SetAddress
 .text.HAL_PCD_EP_Open
                0x0000000008002642       0xd0 ./Drivers/STM32F4xx_HAL_Driver/Src/stm32f4xx_hal_pcd.o
                0x0000000008002642                HAL_PCD_EP_Open
 .text.HAL_PCD_EP_Close
                0x0000000008002712       0x94 ./Drivers/STM32F4xx_HAL_Driver/Src/stm32f4xx_hal_pcd.o
                0x0000000008002712                HAL_PCD_EP_Close
 .text.HAL_PCD_EP_Receive
                0x00000000080027a6       0x96 ./Drivers/STM32F4xx_HAL_Driver/Src/stm32f4xx_hal_pcd.o
                0x00000000080027a6                HAL_PCD_EP_Receive
 .text.HAL_PCD_EP_GetRxCount
                0x000000000800283c       0x30 ./Drivers/STM32F4xx_HAL_Driver/Src/stm32f4xx_hal_pcd.o
                0x000000000800283c                HAL_PCD_EP_GetRxCount
 .text.HAL_PCD_EP_Transmit
                0x000000000800286c       0x94 ./Drivers/STM32F4xx_HAL_Driver/Src/stm32f4xx_hal_pcd.o
                0x000000000800286c                HAL_PCD_EP_Transmit
 .text.HAL_PCD_EP_SetStall
                0x0000000008002900       0xc8 ./Drivers/STM32F4xx_HAL_Driver/Src/stm32f4xx_hal_pcd.o
                0x0000000008002900                HAL_PCD_EP_SetStall
 .text.HAL_PCD_EP_ClrStall
                0x00000000080029c8       0xac ./Drivers/STM32F4xx_HAL_Driver/Src/stm32f4xx_hal_pcd.o
                0x00000000080029c8                HAL_PCD_EP_ClrStall
 .text.PCD_WriteEmptyTxFifo
                0x0000000008002a74      0x11a ./Drivers/STM32F4xx_HAL_Driver/Src/stm32f4xx_hal_pcd.o
 *fill*         0x0000000008002b8e        0x2 
 .text.PCD_EP_OutXfrComplete_int
                0x0000000008002b90      0x218 ./Drivers/STM32F4xx_HAL_Driver/Src/stm32f4xx_hal_pcd.o
 .text.PCD_EP_OutSetupPacket_int
                0x0000000008002da8       0x8c ./Drivers/STM32F4xx_HAL_Driver/Src/stm32f4xx_hal_pcd.o
 .text.HAL_PCDEx_SetTxFiFo
                0x0000000008002e34       0x8e ./Drivers/STM32F4xx_HAL_Driver/Src/stm32f4xx_hal_pcd_ex.o
                0x0000000008002e34                HAL_PCDEx_SetTxFiFo
 .text.HAL_PCDEx_SetRxFiFo
                0x0000000008002ec2       0x22 ./Drivers/STM32F4xx_HAL_Driver/Src/stm32f4xx_hal_pcd_ex.o
                0x0000000008002ec2                HAL_PCDEx_SetRxFiFo
 .text.HAL_PCDEx_LPM_Callback
                0x0000000008002ee4       0x18 ./Drivers/STM32F4xx_HAL_Driver/Src/stm32f4xx_hal_pcd_ex.o
                0x0000000008002ee4                HAL_PCDEx_LPM_Callback
 .text.HAL_RCC_OscConfig
                0x0000000008002efc      0x4f0 ./Drivers/STM32F4xx_HAL_Driver/Src/stm32f4xx_hal_rcc.o
                0x0000000008002efc                HAL_RCC_OscConfig
 .text.HAL_RCC_ClockConfig
                0x00000000080033ec      0x1cc ./Drivers/STM32F4xx_HAL_Driver/Src/stm32f4xx_hal_rcc.o
                0x00000000080033ec                HAL_RCC_ClockConfig
 .text.HAL_RCC_GetSysClockFreq
                0x00000000080035b8      0x16c ./Drivers/STM32F4xx_HAL_Driver/Src/stm32f4xx_hal_rcc.o
                0x00000000080035b8                HAL_RCC_GetSysClockFreq
 .text.HAL_RCC_GetHCLKFreq
                0x0000000008003724       0x18 ./Drivers/STM32F4xx_HAL_Driver/Src/stm32f4xx_hal_rcc.o
                0x0000000008003724                HAL_RCC_GetHCLKFreq
 .text.HAL_RCC_GetPCLK1Freq
                0x000000000800373c       0x28 ./Drivers/STM32F4xx_HAL_Driver/Src/stm32f4xx_hal_rcc.o
                0x000000000800373c                HAL_RCC_GetPCLK1Freq
 .text.HAL_RCC_GetPCLK2Freq
                0x0000000008003764       0x28 ./Drivers/STM32F4xx_HAL_Driver/Src/stm32f4xx_hal_rcc.o
                0x0000000008003764                HAL_RCC_GetPCLK2Freq
 .text.HAL_RCC_GetClockConfig
                0x000000000800378c       0x64 ./Drivers/STM32F4xx_HAL_Driver/Src/stm32f4xx_hal_rcc.o
                0x000000000800378c                HAL_RCC_GetClockConfig
 .text.HAL_TIM_Base_Init
                0x00000000080037f0       0x9e ./Drivers/STM32F4xx_HAL_Driver/Src/stm32f4xx_hal_tim.o
                0x00000000080037f0                HAL_TIM_Base_Init
 .text.HAL_TIM_Base_MspInit
                0x000000000800388e       0x14 ./Drivers/STM32F4xx_HAL_Driver/Src/stm32f4xx_hal_tim.o
                0x000000000800388e                HAL_TIM_Base_MspInit
 *fill*         0x00000000080038a2        0x2 
 .text.HAL_TIM_Base_Start_IT
                0x00000000080038a4       0xc4 ./Drivers/STM32F4xx_HAL_Driver/Src/stm32f4xx_hal_tim.o
                0x00000000080038a4                HAL_TIM_Base_Start_IT
 .text.HAL_TIM_IRQHandler
                0x0000000008003968      0x210 ./Drivers/STM32F4xx_HAL_Driver/Src/stm32f4xx_hal_tim.o
                0x0000000008003968                HAL_TIM_IRQHandler
 .text.HAL_TIM_OC_DelayElapsedCallback
                0x0000000008003b78       0x14 ./Drivers/STM32F4xx_HAL_Driver/Src/stm32f4xx_hal_tim.o
                0x0000000008003b78                HAL_TIM_OC_DelayElapsedCallback
 .text.HAL_TIM_IC_CaptureCallback
                0x0000000008003b8c       0x14 ./Drivers/STM32F4xx_HAL_Driver/Src/stm32f4xx_hal_tim.o
                0x0000000008003b8c                HAL_TIM_IC_CaptureCallback
 .text.HAL_TIM_PWM_PulseFinishedCallback
                0x0000000008003ba0       0x14 ./Drivers/STM32F4xx_HAL_Driver/Src/stm32f4xx_hal_tim.o
                0x0000000008003ba0                HAL_TIM_PWM_PulseFinishedCallback
 .text.HAL_TIM_TriggerCallback
                0x0000000008003bb4       0x14 ./Drivers/STM32F4xx_HAL_Driver/Src/stm32f4xx_hal_tim.o
                0x0000000008003bb4                HAL_TIM_TriggerCallback
 .text.TIM_Base_SetConfig
                0x0000000008003bc8      0x100 ./Drivers/STM32F4xx_HAL_Driver/Src/stm32f4xx_hal_tim.o
                0x0000000008003bc8                TIM_Base_SetConfig
 .text.HAL_TIMEx_CommutCallback
                0x0000000008003cc8       0x14 ./Drivers/STM32F4xx_HAL_Driver/Src/stm32f4xx_hal_tim_ex.o
                0x0000000008003cc8                HAL_TIMEx_CommutCallback
 .text.HAL_TIMEx_BreakCallback
                0x0000000008003cdc       0x14 ./Drivers/STM32F4xx_HAL_Driver/Src/stm32f4xx_hal_tim_ex.o
                0x0000000008003cdc                HAL_TIMEx_BreakCallback
 .text.HAL_UART_Init
                0x0000000008003cf0       0x9a ./Drivers/STM32F4xx_HAL_Driver/Src/stm32f4xx_hal_uart.o
                0x0000000008003cf0                HAL_UART_Init
 *fill*         0x0000000008003d8a        0x2 
 .text.UART_SetConfig
                0x0000000008003d8c      0x390 ./Drivers/STM32F4xx_HAL_Driver/Src/stm32f4xx_hal_uart.o
 .text.USB_CoreInit
                0x000000000800411c       0xc2 ./Drivers/STM32F4xx_HAL_Driver/Src/stm32f4xx_ll_usb.o
                0x000000000800411c                USB_CoreInit
 *fill*         0x00000000080041de        0x2 
 .text.USB_SetTurnaroundTime
                0x00000000080041e0      0x144 ./Drivers/STM32F4xx_HAL_Driver/Src/stm32f4xx_ll_usb.o
                0x00000000080041e0                USB_SetTurnaroundTime
 .text.USB_EnableGlobalInt
                0x0000000008004324       0x22 ./Drivers/STM32F4xx_HAL_Driver/Src/stm32f4xx_ll_usb.o
                0x0000000008004324                USB_EnableGlobalInt
 .text.USB_DisableGlobalInt
                0x0000000008004346       0x22 ./Drivers/STM32F4xx_HAL_Driver/Src/stm32f4xx_ll_usb.o
                0x0000000008004346                USB_DisableGlobalInt
 .text.USB_SetCurrentMode
                0x0000000008004368       0x98 ./Drivers/STM32F4xx_HAL_Driver/Src/stm32f4xx_ll_usb.o
                0x0000000008004368                USB_SetCurrentMode
 .text.USB_DevInit
                0x0000000008004400      0x2c8 ./Drivers/STM32F4xx_HAL_Driver/Src/stm32f4xx_ll_usb.o
                0x0000000008004400                USB_DevInit
 .text.USB_FlushTxFifo
                0x00000000080046c8       0x48 ./Drivers/STM32F4xx_HAL_Driver/Src/stm32f4xx_ll_usb.o
                0x00000000080046c8                USB_FlushTxFifo
 .text.USB_FlushRxFifo
                0x0000000008004710       0x40 ./Drivers/STM32F4xx_HAL_Driver/Src/stm32f4xx_ll_usb.o
                0x0000000008004710                USB_FlushRxFifo
 .text.USB_SetDevSpeed
                0x0000000008004750       0x32 ./Drivers/STM32F4xx_HAL_Driver/Src/stm32f4xx_ll_usb.o
                0x0000000008004750                USB_SetDevSpeed
 .text.USB_GetDevSpeed
                0x0000000008004782       0x4a ./Drivers/STM32F4xx_HAL_Driver/Src/stm32f4xx_ll_usb.o
                0x0000000008004782                USB_GetDevSpeed
 .text.USB_ActivateEndpoint
                0x00000000080047cc      0x10e ./Drivers/STM32F4xx_HAL_Driver/Src/stm32f4xx_ll_usb.o
                0x00000000080047cc                USB_ActivateEndpoint
 *fill*         0x00000000080048da        0x2 
 .text.USB_DeactivateEndpoint
                0x00000000080048dc      0x1b8 ./Drivers/STM32F4xx_HAL_Driver/Src/stm32f4xx_ll_usb.o
                0x00000000080048dc                USB_DeactivateEndpoint
 .text.USB_EPStartXfer
                0x0000000008004a94      0x488 ./Drivers/STM32F4xx_HAL_Driver/Src/stm32f4xx_ll_usb.o
                0x0000000008004a94                USB_EPStartXfer
 .text.USB_EP0StartXfer
                0x0000000008004f1c      0x2a6 ./Drivers/STM32F4xx_HAL_Driver/Src/stm32f4xx_ll_usb.o
                0x0000000008004f1c                USB_EP0StartXfer
 .text.USB_WritePacket
                0x00000000080051c2       0x7c ./Drivers/STM32F4xx_HAL_Driver/Src/stm32f4xx_ll_usb.o
                0x00000000080051c2                USB_WritePacket
 .text.USB_ReadPacket
                0x000000000800523e       0xb0 ./Drivers/STM32F4xx_HAL_Driver/Src/stm32f4xx_ll_usb.o
                0x000000000800523e                USB_ReadPacket
 .text.USB_EPSetStall
                0x00000000080052ee       0xdc ./Drivers/STM32F4xx_HAL_Driver/Src/stm32f4xx_ll_usb.o
                0x00000000080052ee                USB_EPSetStall
 .text.USB_EPClearStall
                0x00000000080053ca       0xcc ./Drivers/STM32F4xx_HAL_Driver/Src/stm32f4xx_ll_usb.o
                0x00000000080053ca                USB_EPClearStall
 .text.USB_SetDevAddress
                0x0000000008005496       0x4c ./Drivers/STM32F4xx_HAL_Driver/Src/stm32f4xx_ll_usb.o
                0x0000000008005496                USB_SetDevAddress
 .text.USB_DevConnect
                0x00000000080054e2       0x42 ./Drivers/STM32F4xx_HAL_Driver/Src/stm32f4xx_ll_usb.o
                0x00000000080054e2                USB_DevConnect
 .text.USB_DevDisconnect
                0x0000000008005524       0x42 ./Drivers/STM32F4xx_HAL_Driver/Src/stm32f4xx_ll_usb.o
                0x0000000008005524                USB_DevDisconnect
 .text.USB_ReadInterrupts
                0x0000000008005566       0x26 ./Drivers/STM32F4xx_HAL_Driver/Src/stm32f4xx_ll_usb.o
                0x0000000008005566                USB_ReadInterrupts
 .text.USB_ReadDevAllOutEpInterrupt
                0x000000000800558c       0x34 ./Drivers/STM32F4xx_HAL_Driver/Src/stm32f4xx_ll_usb.o
                0x000000000800558c                USB_ReadDevAllOutEpInterrupt
 .text.USB_ReadDevAllInEpInterrupt
                0x00000000080055c0       0x34 ./Drivers/STM32F4xx_HAL_Driver/Src/stm32f4xx_ll_usb.o
                0x00000000080055c0                USB_ReadDevAllInEpInterrupt
 .text.USB_ReadDevOutEPInterrupt
                0x00000000080055f4       0x3c ./Drivers/STM32F4xx_HAL_Driver/Src/stm32f4xx_ll_usb.o
                0x00000000080055f4                USB_ReadDevOutEPInterrupt
 .text.USB_ReadDevInEPInterrupt
                0x0000000008005630       0x5c ./Drivers/STM32F4xx_HAL_Driver/Src/stm32f4xx_ll_usb.o
                0x0000000008005630                USB_ReadDevInEPInterrupt
 .text.USB_GetMode
                0x000000000800568c       0x1c ./Drivers/STM32F4xx_HAL_Driver/Src/stm32f4xx_ll_usb.o
                0x000000000800568c                USB_GetMode
 .text.USB_ActivateSetup
                0x00000000080056a8       0x46 ./Drivers/STM32F4xx_HAL_Driver/Src/stm32f4xx_ll_usb.o
                0x00000000080056a8                USB_ActivateSetup
 *fill*         0x00000000080056ee        0x2 
 .text.USB_EP0_OutStart
                0x00000000080056f0       0xbc ./Drivers/STM32F4xx_HAL_Driver/Src/stm32f4xx_ll_usb.o
                0x00000000080056f0                USB_EP0_OutStart
 .text.USB_CoreReset
                0x00000000080057ac       0x64 ./Drivers/STM32F4xx_HAL_Driver/Src/stm32f4xx_ll_usb.o
 .text.USBD_CDC_Init
                0x0000000008005810       0xfe ./Middlewares/ST/STM32_USB_Device_Library/Class/CDC/Src/usbd_cdc.o
 .text.USBD_CDC_DeInit
                0x000000000800590e       0x74 ./Middlewares/ST/STM32_USB_Device_Library/Class/CDC/Src/usbd_cdc.o
 *fill*         0x0000000008005982        0x2 
 .text.USBD_CDC_Setup
                0x0000000008005984      0x190 ./Middlewares/ST/STM32_USB_Device_Library/Class/CDC/Src/usbd_cdc.o
 .text.USBD_CDC_DataIn
                0x0000000008005b14       0xca ./Middlewares/ST/STM32_USB_Device_Library/Class/CDC/Src/usbd_cdc.o
 .text.USBD_CDC_DataOut
                0x0000000008005bde       0x56 ./Middlewares/ST/STM32_USB_Device_Library/Class/CDC/Src/usbd_cdc.o
 .text.USBD_CDC_EP0_RxReady
                0x0000000008005c34       0x5a ./Middlewares/ST/STM32_USB_Device_Library/Class/CDC/Src/usbd_cdc.o
 *fill*         0x0000000008005c8e        0x2 
 .text.USBD_CDC_GetFSCfgDesc
                0x0000000008005c90       0x20 ./Middlewares/ST/STM32_USB_Device_Library/Class/CDC/Src/usbd_cdc.o
 .text.USBD_CDC_GetHSCfgDesc
                0x0000000008005cb0       0x20 ./Middlewares/ST/STM32_USB_Device_Library/Class/CDC/Src/usbd_cdc.o
 .text.USBD_CDC_GetOtherSpeedCfgDesc
                0x0000000008005cd0       0x20 ./Middlewares/ST/STM32_USB_Device_Library/Class/CDC/Src/usbd_cdc.o
 .text.USBD_CDC_GetDeviceQualifierDescriptor
                0x0000000008005cf0       0x20 ./Middlewares/ST/STM32_USB_Device_Library/Class/CDC/Src/usbd_cdc.o
                0x0000000008005cf0                USBD_CDC_GetDeviceQualifierDescriptor
 .text.USBD_CDC_RegisterInterface
                0x0000000008005d10       0x2a ./Middlewares/ST/STM32_USB_Device_Library/Class/CDC/Src/usbd_cdc.o
                0x0000000008005d10                USBD_CDC_RegisterInterface
 .text.USBD_CDC_SetTxBuffer
                0x0000000008005d3a       0x3c ./Middlewares/ST/STM32_USB_Device_Library/Class/CDC/Src/usbd_cdc.o
                0x0000000008005d3a                USBD_CDC_SetTxBuffer
 .text.USBD_CDC_SetRxBuffer
                0x0000000008005d76       0x32 ./Middlewares/ST/STM32_USB_Device_Library/Class/CDC/Src/usbd_cdc.o
                0x0000000008005d76                USBD_CDC_SetRxBuffer
 .text.USBD_CDC_ReceivePacket
                0x0000000008005da8       0x54 ./Middlewares/ST/STM32_USB_Device_Library/Class/CDC/Src/usbd_cdc.o
                0x0000000008005da8                USBD_CDC_ReceivePacket
 .text.USBD_Init
                0x0000000008005dfc       0x60 ./Middlewares/ST/STM32_USB_Device_Library/Core/Src/usbd_core.o
                0x0000000008005dfc                USBD_Init
 .text.USBD_RegisterClass
                0x0000000008005e5c       0x4e ./Middlewares/ST/STM32_USB_Device_Library/Core/Src/usbd_core.o
                0x0000000008005e5c                USBD_RegisterClass
 .text.USBD_Start
                0x0000000008005eaa       0x18 ./Middlewares/ST/STM32_USB_Device_Library/Core/Src/usbd_core.o
                0x0000000008005eaa                USBD_Start
 .text.USBD_RunTestMode
                0x0000000008005ec2       0x16 ./Middlewares/ST/STM32_USB_Device_Library/Core/Src/usbd_core.o
                0x0000000008005ec2                USBD_RunTestMode
 .text.USBD_SetClassConfig
                0x0000000008005ed8       0x38 ./Middlewares/ST/STM32_USB_Device_Library/Core/Src/usbd_core.o
                0x0000000008005ed8                USBD_SetClassConfig
 .text.USBD_ClrClassConfig
                0x0000000008005f10       0x30 ./Middlewares/ST/STM32_USB_Device_Library/Core/Src/usbd_core.o
                0x0000000008005f10                USBD_ClrClassConfig
 .text.USBD_LL_SetupStage
                0x0000000008005f40       0xaa ./Middlewares/ST/STM32_USB_Device_Library/Core/Src/usbd_core.o
                0x0000000008005f40                USBD_LL_SetupStage
 .text.USBD_LL_DataOutStage
                0x0000000008005fea       0xc6 ./Middlewares/ST/STM32_USB_Device_Library/Core/Src/usbd_core.o
                0x0000000008005fea                USBD_LL_DataOutStage
 .text.USBD_LL_DataInStage
                0x00000000080060b0      0x12c ./Middlewares/ST/STM32_USB_Device_Library/Core/Src/usbd_core.o
                0x00000000080060b0                USBD_LL_DataInStage
 .text.USBD_LL_Reset
                0x00000000080061dc       0x9c ./Middlewares/ST/STM32_USB_Device_Library/Core/Src/usbd_core.o
                0x00000000080061dc                USBD_LL_Reset
 .text.USBD_LL_SetSpeed
                0x0000000008006278       0x20 ./Middlewares/ST/STM32_USB_Device_Library/Core/Src/usbd_core.o
                0x0000000008006278                USBD_LL_SetSpeed
 .text.USBD_LL_Suspend
                0x0000000008006298       0x2c ./Middlewares/ST/STM32_USB_Device_Library/Core/Src/usbd_core.o
                0x0000000008006298                USBD_LL_Suspend
 .text.USBD_LL_Resume
                0x00000000080062c4       0x30 ./Middlewares/ST/STM32_USB_Device_Library/Core/Src/usbd_core.o
                0x00000000080062c4                USBD_LL_Resume
 .text.USBD_LL_SOF
                0x00000000080062f4       0x44 ./Middlewares/ST/STM32_USB_Device_Library/Core/Src/usbd_core.o
                0x00000000080062f4                USBD_LL_SOF
 .text.USBD_LL_IsoINIncomplete
                0x0000000008006338       0x4c ./Middlewares/ST/STM32_USB_Device_Library/Core/Src/usbd_core.o
                0x0000000008006338                USBD_LL_IsoINIncomplete
 .text.USBD_LL_IsoOUTIncomplete
                0x0000000008006384       0x4c ./Middlewares/ST/STM32_USB_Device_Library/Core/Src/usbd_core.o
                0x0000000008006384                USBD_LL_IsoOUTIncomplete
 .text.USBD_LL_DevConnected
                0x00000000080063d0       0x16 ./Middlewares/ST/STM32_USB_Device_Library/Core/Src/usbd_core.o
                0x00000000080063d0                USBD_LL_DevConnected
 .text.USBD_LL_DevDisconnected
                0x00000000080063e6       0x38 ./Middlewares/ST/STM32_USB_Device_Library/Core/Src/usbd_core.o
                0x00000000080063e6                USBD_LL_DevDisconnected
 .text.SWAPBYTE
                0x000000000800641e       0x3c ./Middlewares/ST/STM32_USB_Device_Library/Core/Src/usbd_ctlreq.o
 *fill*         0x000000000800645a        0x2 
 .text.USBD_StdDevReq
                0x000000000800645c       0xdc ./Middlewares/ST/STM32_USB_Device_Library/Core/Src/usbd_ctlreq.o
                0x000000000800645c                USBD_StdDevReq
 .text.USBD_StdItfReq
                0x0000000008006538       0x92 ./Middlewares/ST/STM32_USB_Device_Library/Core/Src/usbd_ctlreq.o
                0x0000000008006538                USBD_StdItfReq
 .text.USBD_StdEPReq
                0x00000000080065ca      0x2c4 ./Middlewares/ST/STM32_USB_Device_Library/Core/Src/usbd_ctlreq.o
                0x00000000080065ca                USBD_StdEPReq
 *fill*         0x000000000800688e        0x2 
 .text.USBD_GetDescriptor
                0x0000000008006890      0x2d4 ./Middlewares/ST/STM32_USB_Device_Library/Core/Src/usbd_ctlreq.o
 .text.USBD_SetAddress
                0x0000000008006b64       0x88 ./Middlewares/ST/STM32_USB_Device_Library/Core/Src/usbd_ctlreq.o
 .text.USBD_SetConfig
                0x0000000008006bec      0x14c ./Middlewares/ST/STM32_USB_Device_Library/Core/Src/usbd_ctlreq.o
 .text.USBD_GetConfig
                0x0000000008006d38       0x6c ./Middlewares/ST/STM32_USB_Device_Library/Core/Src/usbd_ctlreq.o
 .text.USBD_GetStatus
                0x0000000008006da4       0x68 ./Middlewares/ST/STM32_USB_Device_Library/Core/Src/usbd_ctlreq.o
 .text.USBD_SetFeature
                0x0000000008006e0c       0x28 ./Middlewares/ST/STM32_USB_Device_Library/Core/Src/usbd_ctlreq.o
 .text.USBD_ClrFeature
                0x0000000008006e34       0x44 ./Middlewares/ST/STM32_USB_Device_Library/Core/Src/usbd_ctlreq.o
 .text.USBD_ParseSetupRequest
                0x0000000008006e78       0x74 ./Middlewares/ST/STM32_USB_Device_Library/Core/Src/usbd_ctlreq.o
                0x0000000008006e78                USBD_ParseSetupRequest
 .text.USBD_CtlError
                0x0000000008006eec       0x22 ./Middlewares/ST/STM32_USB_Device_Library/Core/Src/usbd_ctlreq.o
                0x0000000008006eec                USBD_CtlError
 .text.USBD_GetString
                0x0000000008006f0e       0x8c ./Middlewares/ST/STM32_USB_Device_Library/Core/Src/usbd_ctlreq.o
                0x0000000008006f0e                USBD_GetString
 .text.USBD_GetLen
                0x0000000008006f9a       0x34 ./Middlewares/ST/STM32_USB_Device_Library/Core/Src/usbd_ctlreq.o
 .text.USBD_CtlSendData
                0x0000000008006fce       0x36 ./Middlewares/ST/STM32_USB_Device_Library/Core/Src/usbd_ioreq.o
                0x0000000008006fce                USBD_CtlSendData
 .text.USBD_CtlContinueSendData
                0x0000000008007004       0x22 ./Middlewares/ST/STM32_USB_Device_Library/Core/Src/usbd_ioreq.o
                0x0000000008007004                USBD_CtlContinueSendData
 .text.USBD_CtlPrepareRx
                0x0000000008007026       0x3a ./Middlewares/ST/STM32_USB_Device_Library/Core/Src/usbd_ioreq.o
                0x0000000008007026                USBD_CtlPrepareRx
 .text.USBD_CtlContinueRx
                0x0000000008007060       0x22 ./Middlewares/ST/STM32_USB_Device_Library/Core/Src/usbd_ioreq.o
                0x0000000008007060                USBD_CtlContinueRx
 .text.USBD_CtlSendStatus
                0x0000000008007082       0x26 ./Middlewares/ST/STM32_USB_Device_Library/Core/Src/usbd_ioreq.o
                0x0000000008007082                USBD_CtlSendStatus
 .text.USBD_CtlReceiveStatus
                0x00000000080070a8       0x26 ./Middlewares/ST/STM32_USB_Device_Library/Core/Src/usbd_ioreq.o
                0x00000000080070a8                USBD_CtlReceiveStatus
 *fill*         0x00000000080070ce        0x2 
 .text.__NVIC_SetPriority
                0x00000000080070d0       0x54 ./Middlewares/Third_Party/FreeRTOS/Source/CMSIS_RTOS_V2/cmsis_os2.o
 .text.SysTick_Handler
                0x0000000008007124       0x20 ./Middlewares/Third_Party/FreeRTOS/Source/CMSIS_RTOS_V2/cmsis_os2.o
                0x0000000008007124                SysTick_Handler
 .text.SVC_Setup
                0x0000000008007144       0x12 ./Middlewares/Third_Party/FreeRTOS/Source/CMSIS_RTOS_V2/cmsis_os2.o
 *fill*         0x0000000008007156        0x2 
 .text.osKernelInitialize
                0x0000000008007158       0x48 ./Middlewares/Third_Party/FreeRTOS/Source/CMSIS_RTOS_V2/cmsis_os2.o
                0x0000000008007158                osKernelInitialize
 .text.osKernelStart
                0x00000000080071a0       0x4c ./Middlewares/Third_Party/FreeRTOS/Source/CMSIS_RTOS_V2/cmsis_os2.o
                0x00000000080071a0                osKernelStart
 .text.osThreadNew
                0x00000000080071ec      0x124 ./Middlewares/Third_Party/FreeRTOS/Source/CMSIS_RTOS_V2/cmsis_os2.o
                0x00000000080071ec                osThreadNew
 .text.osDelay  0x0000000008007310       0x36 ./Middlewares/Third_Party/FreeRTOS/Source/CMSIS_RTOS_V2/cmsis_os2.o
                0x0000000008007310                osDelay
 *fill*         0x0000000008007346        0x2 
 .text.vApplicationGetIdleTaskMemory
                0x0000000008007348       0x34 ./Middlewares/Third_Party/FreeRTOS/Source/CMSIS_RTOS_V2/cmsis_os2.o
                0x0000000008007348                vApplicationGetIdleTaskMemory
 .text.vApplicationGetTimerTaskMemory
                0x000000000800737c       0x34 ./Middlewares/Third_Party/FreeRTOS/Source/CMSIS_RTOS_V2/cmsis_os2.o
                0x000000000800737c                vApplicationGetTimerTaskMemory
 .text.vListInitialise
                0x00000000080073b0       0x40 ./Middlewares/Third_Party/FreeRTOS/Source/list.o
                0x00000000080073b0                vListInitialise
 .text.vListInitialiseItem
                0x00000000080073f0       0x1a ./Middlewares/Third_Party/FreeRTOS/Source/list.o
                0x00000000080073f0                vListInitialiseItem
 .text.vListInsertEnd
                0x000000000800740a       0x48 ./Middlewares/Third_Party/FreeRTOS/Source/list.o
                0x000000000800740a                vListInsertEnd
 .text.vListInsert
                0x0000000008007452       0x72 ./Middlewares/Third_Party/FreeRTOS/Source/list.o
                0x0000000008007452                vListInsert
 .text.uxListRemove
                0x00000000080074c4       0x54 ./Middlewares/Third_Party/FreeRTOS/Source/list.o
                0x00000000080074c4                uxListRemove
 .text.xQueueGenericReset
                0x0000000008007518       0xd0 ./Middlewares/Third_Party/FreeRTOS/Source/queue.o
                0x0000000008007518                xQueueGenericReset
 .text.xQueueGenericCreateStatic
                0x00000000080075e8       0xf0 ./Middlewares/Third_Party/FreeRTOS/Source/queue.o
                0x00000000080075e8                xQueueGenericCreateStatic
 .text.prvInitialiseNewQueue
                0x00000000080076d8       0x46 ./Middlewares/Third_Party/FreeRTOS/Source/queue.o
 *fill*         0x000000000800771e        0x2 
 .text.xQueueGenericSend
                0x0000000008007720      0x1fc ./Middlewares/Third_Party/FreeRTOS/Source/queue.o
                0x0000000008007720                xQueueGenericSend
 .text.xQueueGenericSendFromISR
                0x000000000800791c      0x136 ./Middlewares/Third_Party/FreeRTOS/Source/queue.o
                0x000000000800791c                xQueueGenericSendFromISR
 *fill*         0x0000000008007a52        0x2 
 .text.xQueueReceive
                0x0000000008007a54      0x1c0 ./Middlewares/Third_Party/FreeRTOS/Source/queue.o
                0x0000000008007a54                xQueueReceive
 .text.prvCopyDataToQueue
                0x0000000008007c14       0xd4 ./Middlewares/Third_Party/FreeRTOS/Source/queue.o
 .text.prvCopyDataFromQueue
                0x0000000008007ce8       0x4c ./Middlewares/Third_Party/FreeRTOS/Source/queue.o
 .text.prvUnlockQueue
                0x0000000008007d34       0xa4 ./Middlewares/Third_Party/FreeRTOS/Source/queue.o
 .text.prvIsQueueEmpty
                0x0000000008007dd8       0x2c ./Middlewares/Third_Party/FreeRTOS/Source/queue.o
 .text.prvIsQueueFull
                0x0000000008007e04       0x30 ./Middlewares/Third_Party/FreeRTOS/Source/queue.o
 .text.vQueueAddToRegistry
                0x0000000008007e34       0x54 ./Middlewares/Third_Party/FreeRTOS/Source/queue.o
                0x0000000008007e34                vQueueAddToRegistry
 .text.vQueueWaitForMessageRestricted
                0x0000000008007e88       0x68 ./Middlewares/Third_Party/FreeRTOS/Source/queue.o
                0x0000000008007e88                vQueueWaitForMessageRestricted
 .text.xTaskCreateStatic
                0x0000000008007ef0       0xba ./Middlewares/Third_Party/FreeRTOS/Source/tasks.o
                0x0000000008007ef0                xTaskCreateStatic
 .text.xTaskCreate
                0x0000000008007faa       0x8a ./Middlewares/Third_Party/FreeRTOS/Source/tasks.o
                0x0000000008007faa                xTaskCreate
 .text.prvInitialiseNewTask
                0x0000000008008034      0x14c ./Middlewares/Third_Party/FreeRTOS/Source/tasks.o
 .text.prvAddNewTaskToReadyList
                0x0000000008008180       0xe0 ./Middlewares/Third_Party/FreeRTOS/Source/tasks.o
 .text.vTaskDelay
                0x0000000008008260       0x68 ./Middlewares/Third_Party/FreeRTOS/Source/tasks.o
                0x0000000008008260                vTaskDelay
 .text.vTaskStartScheduler
                0x00000000080082c8       0xe0 ./Middlewares/Third_Party/FreeRTOS/Source/tasks.o
                0x00000000080082c8                vTaskStartScheduler
 .text.vTaskSuspendAll
                0x00000000080083a8       0x1c ./Middlewares/Third_Party/FreeRTOS/Source/tasks.o
                0x00000000080083a8                vTaskSuspendAll
 .text.xTaskResumeAll
                0x00000000080083c4      0x13c ./Middlewares/Third_Party/FreeRTOS/Source/tasks.o
                0x00000000080083c4                xTaskResumeAll
 .text.xTaskGetTickCount
                0x0000000008008500       0x20 ./Middlewares/Third_Party/FreeRTOS/Source/tasks.o
                0x0000000008008500                xTaskGetTickCount
 .text.xTaskIncrementTick
                0x0000000008008520      0x174 ./Middlewares/Third_Party/FreeRTOS/Source/tasks.o
                0x0000000008008520                xTaskIncrementTick
 .text.vTaskSwitchContext
                0x0000000008008694       0xc8 ./Middlewares/Third_Party/FreeRTOS/Source/tasks.o
                0x0000000008008694                vTaskSwitchContext
 .text.vTaskPlaceOnEventList
                0x000000000800875c       0x48 ./Middlewares/Third_Party/FreeRTOS/Source/tasks.o
                0x000000000800875c                vTaskPlaceOnEventList
 .text.vTaskPlaceOnEventListRestricted
                0x00000000080087a4       0x58 ./Middlewares/Third_Party/FreeRTOS/Source/tasks.o
                0x00000000080087a4                vTaskPlaceOnEventListRestricted
 .text.xTaskRemoveFromEventList
                0x00000000080087fc       0xc8 ./Middlewares/Third_Party/FreeRTOS/Source/tasks.o
                0x00000000080087fc                xTaskRemoveFromEventList
 .text.vTaskInternalSetTimeOutState
                0x00000000080088c4       0x2c ./Middlewares/Third_Party/FreeRTOS/Source/tasks.o
                0x00000000080088c4                vTaskInternalSetTimeOutState
 .text.xTaskCheckForTimeOut
                0x00000000080088f0       0xc4 ./Middlewares/Third_Party/FreeRTOS/Source/tasks.o
                0x00000000080088f0                xTaskCheckForTimeOut
 .text.vTaskMissedYield
                0x00000000080089b4       0x18 ./Middlewares/Third_Party/FreeRTOS/Source/tasks.o
                0x00000000080089b4                vTaskMissedYield
 .text.prvIdleTask
                0x00000000080089cc       0x30 ./Middlewares/Third_Party/FreeRTOS/Source/tasks.o
 .text.prvInitialiseTaskLists
                0x00000000080089fc       0x80 ./Middlewares/Third_Party/FreeRTOS/Source/tasks.o
 .text.prvCheckTasksWaitingTermination
                0x0000000008008a7c       0x5c ./Middlewares/Third_Party/FreeRTOS/Source/tasks.o
 .text.prvDeleteTCB
                0x0000000008008ad8       0x68 ./Middlewares/Third_Party/FreeRTOS/Source/tasks.o
 .text.prvResetNextTaskUnblockTime
                0x0000000008008b40       0x40 ./Middlewares/Third_Party/FreeRTOS/Source/tasks.o
 .text.xTaskGetSchedulerState
                0x0000000008008b80       0x3c ./Middlewares/Third_Party/FreeRTOS/Source/tasks.o
                0x0000000008008b80                xTaskGetSchedulerState
 .text.xTaskPriorityDisinherit
                0x0000000008008bbc       0xdc ./Middlewares/Third_Party/FreeRTOS/Source/tasks.o
                0x0000000008008bbc                xTaskPriorityDisinherit
 .text.prvAddCurrentTaskToDelayedList
                0x0000000008008c98       0xa8 ./Middlewares/Third_Party/FreeRTOS/Source/tasks.o
 .text.xTimerCreateTimerTask
                0x0000000008008d40       0x90 ./Middlewares/Third_Party/FreeRTOS/Source/timers.o
                0x0000000008008d40                xTimerCreateTimerTask
 .text.xTimerGenericCommand
                0x0000000008008dd0       0x9c ./Middlewares/Third_Party/FreeRTOS/Source/timers.o
                0x0000000008008dd0                xTimerGenericCommand
 .text.prvProcessExpiredTimer
                0x0000000008008e6c       0x98 ./Middlewares/Third_Party/FreeRTOS/Source/timers.o
 .text.prvTimerTask
                0x0000000008008f04       0x24 ./Middlewares/Third_Party/FreeRTOS/Source/timers.o
 .text.prvProcessTimerOrBlockTask
                0x0000000008008f28       0x9c ./Middlewares/Third_Party/FreeRTOS/Source/timers.o
 .text.prvGetNextExpireTime
                0x0000000008008fc4       0x48 ./Middlewares/Third_Party/FreeRTOS/Source/timers.o
 .text.prvSampleTimeNow
                0x000000000800900c       0x40 ./Middlewares/Third_Party/FreeRTOS/Source/timers.o
 .text.prvInsertTimerInActiveList
                0x000000000800904c       0x84 ./Middlewares/Third_Party/FreeRTOS/Source/timers.o
 .text.prvProcessReceivedCommands
                0x00000000080090d0      0x1c4 ./Middlewares/Third_Party/FreeRTOS/Source/timers.o
 .text.prvSwitchTimerLists
                0x0000000008009294       0xc8 ./Middlewares/Third_Party/FreeRTOS/Source/timers.o
 .text.prvCheckForValidListAndQueue
                0x000000000800935c       0x80 ./Middlewares/Third_Party/FreeRTOS/Source/timers.o
 .text.pxPortInitialiseStack
                0x00000000080093dc       0x68 ./Middlewares/Third_Party/FreeRTOS/Source/portable/GCC/ARM_CM4F/port.o
                0x00000000080093dc                pxPortInitialiseStack
 .text.prvTaskExitError
                0x0000000008009444       0x58 ./Middlewares/Third_Party/FreeRTOS/Source/portable/GCC/ARM_CM4F/port.o
 *fill*         0x000000000800949c        0x4 
 .text.SVC_Handler
                0x00000000080094a0       0x28 ./Middlewares/Third_Party/FreeRTOS/Source/portable/GCC/ARM_CM4F/port.o
                0x00000000080094a0                SVC_Handler
 .text.prvPortStartFirstTask
                0x00000000080094c8       0x28 ./Middlewares/Third_Party/FreeRTOS/Source/portable/GCC/ARM_CM4F/port.o
 .text.xPortStartScheduler
                0x00000000080094f0      0x144 ./Middlewares/Third_Party/FreeRTOS/Source/portable/GCC/ARM_CM4F/port.o
                0x00000000080094f0                xPortStartScheduler
 .text.vPortEnterCritical
                0x0000000008009634       0x60 ./Middlewares/Third_Party/FreeRTOS/Source/portable/GCC/ARM_CM4F/port.o
                0x0000000008009634                vPortEnterCritical
 .text.vPortExitCritical
                0x0000000008009694       0x54 ./Middlewares/Third_Party/FreeRTOS/Source/portable/GCC/ARM_CM4F/port.o
                0x0000000008009694                vPortExitCritical
 *fill*         0x00000000080096e8        0x8 
 .text.PendSV_Handler
                0x00000000080096f0       0x68 ./Middlewares/Third_Party/FreeRTOS/Source/portable/GCC/ARM_CM4F/port.o
                0x00000000080096f0                PendSV_Handler
 .text.xPortSysTickHandler
                0x0000000008009758       0x44 ./Middlewares/Third_Party/FreeRTOS/Source/portable/GCC/ARM_CM4F/port.o
                0x0000000008009758                xPortSysTickHandler
 .text.vPortSetupTimerInterrupt
                0x000000000800979c       0x48 ./Middlewares/Third_Party/FreeRTOS/Source/portable/GCC/ARM_CM4F/port.o
                0x000000000800979c                vPortSetupTimerInterrupt
 .text.vPortEnableVFP
                0x00000000080097e4       0x14 ./Middlewares/Third_Party/FreeRTOS/Source/portable/GCC/ARM_CM4F/port.o
 .text.vPortValidateInterruptPriority
                0x00000000080097f8       0x80 ./Middlewares/Third_Party/FreeRTOS/Source/portable/GCC/ARM_CM4F/port.o
                0x00000000080097f8                vPortValidateInterruptPriority
 .text.pvPortMalloc
                0x0000000008009878      0x198 ./Middlewares/Third_Party/FreeRTOS/Source/portable/MemMang/heap_4.o
                0x0000000008009878                pvPortMalloc
 .text.vPortFree
                0x0000000008009a10       0xc4 ./Middlewares/Third_Party/FreeRTOS/Source/portable/MemMang/heap_4.o
                0x0000000008009a10                vPortFree
 .text.prvHeapInit
                0x0000000008009ad4       0xc4 ./Middlewares/Third_Party/FreeRTOS/Source/portable/MemMang/heap_4.o
 .text.prvInsertBlockIntoFreeList
                0x0000000008009b98       0xb4 ./Middlewares/Third_Party/FreeRTOS/Source/portable/MemMang/heap_4.o
 .text.MX_USB_DEVICE_Init
                0x0000000008009c4c       0x60 ./USB_DEVICE/App/usb_device.o
                0x0000000008009c4c                MX_USB_DEVICE_Init
 .text.CDC_Init_FS
                0x0000000008009cac       0x28 ./USB_DEVICE/App/usbd_cdc_if.o
 .text.CDC_DeInit_FS
                0x0000000008009cd4       0x10 ./USB_DEVICE/App/usbd_cdc_if.o
 .text.CDC_Control_FS
                0x0000000008009ce4       0xbc ./USB_DEVICE/App/usbd_cdc_if.o
 .text.CDC_Receive_FS
                0x0000000008009da0       0x28 ./USB_DEVICE/App/usbd_cdc_if.o
 .text.CDC_TransmitCplt_FS
                0x0000000008009dc8       0x22 ./USB_DEVICE/App/usbd_cdc_if.o
 *fill*         0x0000000008009dea        0x2 
 .text.USBD_FS_DeviceDescriptor
                0x0000000008009dec       0x24 ./USB_DEVICE/App/usbd_desc.o
                0x0000000008009dec                USBD_FS_DeviceDescriptor
 .text.USBD_FS_LangIDStrDescriptor
                0x0000000008009e10       0x24 ./USB_DEVICE/App/usbd_desc.o
                0x0000000008009e10                USBD_FS_LangIDStrDescriptor
 .text.USBD_FS_ProductStrDescriptor
                0x0000000008009e34       0x3c ./USB_DEVICE/App/usbd_desc.o
                0x0000000008009e34                USBD_FS_ProductStrDescriptor
 .text.USBD_FS_ManufacturerStrDescriptor
                0x0000000008009e70       0x28 ./USB_DEVICE/App/usbd_desc.o
                0x0000000008009e70                USBD_FS_ManufacturerStrDescriptor
 .text.USBD_FS_SerialStrDescriptor
                0x0000000008009e98       0x24 ./USB_DEVICE/App/usbd_desc.o
                0x0000000008009e98                USBD_FS_SerialStrDescriptor
 .text.USBD_FS_ConfigStrDescriptor
                0x0000000008009ebc       0x3c ./USB_DEVICE/App/usbd_desc.o
                0x0000000008009ebc                USBD_FS_ConfigStrDescriptor
 .text.USBD_FS_InterfaceStrDescriptor
                0x0000000008009ef8       0x3c ./USB_DEVICE/App/usbd_desc.o
                0x0000000008009ef8                USBD_FS_InterfaceStrDescriptor
 .text.Get_SerialNum
                0x0000000008009f34       0x58 ./USB_DEVICE/App/usbd_desc.o
 .text.IntToUnicode
                0x0000000008009f8c       0x7e ./USB_DEVICE/App/usbd_desc.o
 *fill*         0x000000000800a00a        0x2 
 .text.HAL_PCD_MspInit
                0x000000000800a00c       0xa8 ./USB_DEVICE/Target/usbd_conf.o
                0x000000000800a00c                HAL_PCD_MspInit
 .text.HAL_PCD_SetupStageCallback
                0x000000000800a0b4       0x24 ./USB_DEVICE/Target/usbd_conf.o
                0x000000000800a0b4                HAL_PCD_SetupStageCallback
 .text.HAL_PCD_DataOutStageCallback
                0x000000000800a0d8       0x36 ./USB_DEVICE/Target/usbd_conf.o
                0x000000000800a0d8                HAL_PCD_DataOutStageCallback
 .text.HAL_PCD_DataInStageCallback
                0x000000000800a10e       0x34 ./USB_DEVICE/Target/usbd_conf.o
                0x000000000800a10e                HAL_PCD_DataInStageCallback
 .text.HAL_PCD_SOFCallback
                0x000000000800a142       0x1c ./USB_DEVICE/Target/usbd_conf.o
                0x000000000800a142                HAL_PCD_SOFCallback
 .text.HAL_PCD_ResetCallback
                0x000000000800a15e       0x3c ./USB_DEVICE/Target/usbd_conf.o
                0x000000000800a15e                HAL_PCD_ResetCallback
 *fill*         0x000000000800a19a        0x2 
 .text.HAL_PCD_SuspendCallback
                0x000000000800a19c       0x4c ./USB_DEVICE/Target/usbd_conf.o
                0x000000000800a19c                HAL_PCD_SuspendCallback
 .text.HAL_PCD_ResumeCallback
                0x000000000800a1e8       0x1c ./USB_DEVICE/Target/usbd_conf.o
                0x000000000800a1e8                HAL_PCD_ResumeCallback
 .text.HAL_PCD_ISOOUTIncompleteCallback
                0x000000000800a204       0x24 ./USB_DEVICE/Target/usbd_conf.o
                0x000000000800a204                HAL_PCD_ISOOUTIncompleteCallback
 .text.HAL_PCD_ISOINIncompleteCallback
                0x000000000800a228       0x24 ./USB_DEVICE/Target/usbd_conf.o
                0x000000000800a228                HAL_PCD_ISOINIncompleteCallback
 .text.HAL_PCD_ConnectCallback
                0x000000000800a24c       0x1c ./USB_DEVICE/Target/usbd_conf.o
                0x000000000800a24c                HAL_PCD_ConnectCallback
 .text.HAL_PCD_DisconnectCallback
                0x000000000800a268       0x1c ./USB_DEVICE/Target/usbd_conf.o
                0x000000000800a268                HAL_PCD_DisconnectCallback
 .text.USBD_LL_Init
                0x000000000800a284       0x98 ./USB_DEVICE/Target/usbd_conf.o
                0x000000000800a284                USBD_LL_Init
 .text.USBD_LL_Start
                0x000000000800a31c       0x36 ./USB_DEVICE/Target/usbd_conf.o
                0x000000000800a31c                USBD_LL_Start
 .text.USBD_LL_OpenEP
                0x000000000800a352       0x4c ./USB_DEVICE/Target/usbd_conf.o
                0x000000000800a352                USBD_LL_OpenEP
 .text.USBD_LL_CloseEP
                0x000000000800a39e       0x3e ./USB_DEVICE/Target/usbd_conf.o
                0x000000000800a39e                USBD_LL_CloseEP
 .text.USBD_LL_StallEP
                0x000000000800a3dc       0x3e ./USB_DEVICE/Target/usbd_conf.o
                0x000000000800a3dc                USBD_LL_StallEP
 .text.USBD_LL_ClearStallEP
                0x000000000800a41a       0x3e ./USB_DEVICE/Target/usbd_conf.o
                0x000000000800a41a                USBD_LL_ClearStallEP
 .text.USBD_LL_IsStallEP
                0x000000000800a458       0x58 ./USB_DEVICE/Target/usbd_conf.o
                0x000000000800a458                USBD_LL_IsStallEP
 .text.USBD_LL_SetUSBAddress
                0x000000000800a4b0       0x3e ./USB_DEVICE/Target/usbd_conf.o
                0x000000000800a4b0                USBD_LL_SetUSBAddress
 .text.USBD_LL_Transmit
                0x000000000800a4ee       0x42 ./USB_DEVICE/Target/usbd_conf.o
                0x000000000800a4ee                USBD_LL_Transmit
 .text.USBD_LL_PrepareReceive
                0x000000000800a530       0x42 ./USB_DEVICE/Target/usbd_conf.o
                0x000000000800a530                USBD_LL_PrepareReceive
 .text.USBD_LL_GetRxDataSize
                0x000000000800a572       0x26 ./USB_DEVICE/Target/usbd_conf.o
                0x000000000800a572                USBD_LL_GetRxDataSize
 .text.USBD_static_malloc
                0x000000000800a598       0x1c ./USB_DEVICE/Target/usbd_conf.o
                0x000000000800a598                USBD_static_malloc
 .text.USBD_static_free
                0x000000000800a5b4       0x14 ./USB_DEVICE/Target/usbd_conf.o
                0x000000000800a5b4                USBD_static_free
 .text.USBD_Get_USB_Status
                0x000000000800a5c8       0x58 ./USB_DEVICE/Target/usbd_conf.o
                0x000000000800a5c8                USBD_Get_USB_Status
 .text.__libc_init_array
                0x000000000800a620       0x48 c:/st/stm32cubeide_1.8.0/stm32cubeide/plugins/com.st.stm32cube.ide.mcu.externaltools.gnu-tools-for-stm32.9-2020-q2-update.win32_2.0.0.202105311346/tools/bin/../lib/gcc/arm-none-eabi/9.3.1/../../../../arm-none-eabi/lib/thumb/v7e-m+fp/hard\libc_nano.a(lib_a-init.o)
                0x000000000800a620                __libc_init_array
 .text.__retarget_lock_acquire_recursive
                0x000000000800a668        0x2 c:/st/stm32cubeide_1.8.0/stm32cubeide/plugins/com.st.stm32cube.ide.mcu.externaltools.gnu-tools-for-stm32.9-2020-q2-update.win32_2.0.0.202105311346/tools/bin/../lib/gcc/arm-none-eabi/9.3.1/../../../../arm-none-eabi/lib/thumb/v7e-m+fp/hard\libc_nano.a(lib_a-lock.o)
                0x000000000800a668                __retarget_lock_acquire_recursive
 .text.__retarget_lock_release_recursive
                0x000000000800a66a        0x2 c:/st/stm32cubeide_1.8.0/stm32cubeide/plugins/com.st.stm32cube.ide.mcu.externaltools.gnu-tools-for-stm32.9-2020-q2-update.win32_2.0.0.202105311346/tools/bin/../lib/gcc/arm-none-eabi/9.3.1/../../../../arm-none-eabi/lib/thumb/v7e-m+fp/hard\libc_nano.a(lib_a-lock.o)
                0x000000000800a66a                __retarget_lock_release_recursive
 .text.memcpy   0x000000000800a66c       0x1c c:/st/stm32cubeide_1.8.0/stm32cubeide/plugins/com.st.stm32cube.ide.mcu.externaltools.gnu-tools-for-stm32.9-2020-q2-update.win32_2.0.0.202105311346/tools/bin/../lib/gcc/arm-none-eabi/9.3.1/../../../../arm-none-eabi/lib/thumb/v7e-m+fp/hard\libc_nano.a(lib_a-memcpy-stub.o)
                0x000000000800a66c                memcpy
 .text.memset   0x000000000800a688       0x10 c:/st/stm32cubeide_1.8.0/stm32cubeide/plugins/com.st.stm32cube.ide.mcu.externaltools.gnu-tools-for-stm32.9-2020-q2-update.win32_2.0.0.202105311346/tools/bin/../lib/gcc/arm-none-eabi/9.3.1/../../../../arm-none-eabi/lib/thumb/v7e-m+fp/hard\libc_nano.a(lib_a-memset.o)
                0x000000000800a688                memset
 .text.cleanup_glue
                0x000000000800a698       0x1a c:/st/stm32cubeide_1.8.0/stm32cubeide/plugins/com.st.stm32cube.ide.mcu.externaltools.gnu-tools-for-stm32.9-2020-q2-update.win32_2.0.0.202105311346/tools/bin/../lib/gcc/arm-none-eabi/9.3.1/../../../../arm-none-eabi/lib/thumb/v7e-m+fp/hard\libc_nano.a(lib_a-reent.o)
                0x000000000800a698                cleanup_glue
 *fill*         0x000000000800a6b2        0x2 
 .text._reclaim_reent
                0x000000000800a6b4       0xb8 c:/st/stm32cubeide_1.8.0/stm32cubeide/plugins/com.st.stm32cube.ide.mcu.externaltools.gnu-tools-for-stm32.9-2020-q2-update.win32_2.0.0.202105311346/tools/bin/../lib/gcc/arm-none-eabi/9.3.1/../../../../arm-none-eabi/lib/thumb/v7e-m+fp/hard\libc_nano.a(lib_a-reent.o)
                0x000000000800a6b4                _reclaim_reent
 .text.__malloc_lock
                0x000000000800a76c        0xc c:/st/stm32cubeide_1.8.0/stm32cubeide/plugins/com.st.stm32cube.ide.mcu.externaltools.gnu-tools-for-stm32.9-2020-q2-update.win32_2.0.0.202105311346/tools/bin/../lib/gcc/arm-none-eabi/9.3.1/../../../../arm-none-eabi/lib/thumb/v7e-m+fp/hard\libc_nano.a(lib_a-mlock.o)
                0x000000000800a76c                __malloc_lock
 .text.__malloc_unlock
                0x000000000800a778        0xc c:/st/stm32cubeide_1.8.0/stm32cubeide/plugins/com.st.stm32cube.ide.mcu.externaltools.gnu-tools-for-stm32.9-2020-q2-update.win32_2.0.0.202105311346/tools/bin/../lib/gcc/arm-none-eabi/9.3.1/../../../../arm-none-eabi/lib/thumb/v7e-m+fp/hard\libc_nano.a(lib_a-mlock.o)
                0x000000000800a778                __malloc_unlock
 .text._free_r  0x000000000800a784       0xa0 c:/st/stm32cubeide_1.8.0/stm32cubeide/plugins/com.st.stm32cube.ide.mcu.externaltools.gnu-tools-for-stm32.9-2020-q2-update.win32_2.0.0.202105311346/tools/bin/../lib/gcc/arm-none-eabi/9.3.1/../../../../arm-none-eabi/lib/thumb/v7e-m+fp/hard\libc_nano.a(lib_a-nano-freer.o)
                0x000000000800a784                _free_r
 *(.glue_7)
 .glue_7        0x000000000800a824        0x0 linker stubs
 *(.glue_7t)
 .glue_7t       0x000000000800a824        0x0 linker stubs
 *(.eh_frame)
 .eh_frame      0x000000000800a824        0x0 c:/st/stm32cubeide_1.8.0/stm32cubeide/plugins/com.st.stm32cube.ide.mcu.externaltools.gnu-tools-for-stm32.9-2020-q2-update.win32_2.0.0.202105311346/tools/bin/../lib/gcc/arm-none-eabi/9.3.1/thumb/v7e-m+fp/hard/crtbegin.o
 *(.init)
 .init          0x000000000800a824        0x4 c:/st/stm32cubeide_1.8.0/stm32cubeide/plugins/com.st.stm32cube.ide.mcu.externaltools.gnu-tools-for-stm32.9-2020-q2-update.win32_2.0.0.202105311346/tools/bin/../lib/gcc/arm-none-eabi/9.3.1/thumb/v7e-m+fp/hard/crti.o
                0x000000000800a824                _init
 .init          0x000000000800a828        0x8 c:/st/stm32cubeide_1.8.0/stm32cubeide/plugins/com.st.stm32cube.ide.mcu.externaltools.gnu-tools-for-stm32.9-2020-q2-update.win32_2.0.0.202105311346/tools/bin/../lib/gcc/arm-none-eabi/9.3.1/thumb/v7e-m+fp/hard/crtn.o
 *(.fini)
 .fini          0x000000000800a830        0x4 c:/st/stm32cubeide_1.8.0/stm32cubeide/plugins/com.st.stm32cube.ide.mcu.externaltools.gnu-tools-for-stm32.9-2020-q2-update.win32_2.0.0.202105311346/tools/bin/../lib/gcc/arm-none-eabi/9.3.1/thumb/v7e-m+fp/hard/crti.o
                0x000000000800a830                _fini
 .fini          0x000000000800a834        0x8 c:/st/stm32cubeide_1.8.0/stm32cubeide/plugins/com.st.stm32cube.ide.mcu.externaltools.gnu-tools-for-stm32.9-2020-q2-update.win32_2.0.0.202105311346/tools/bin/../lib/gcc/arm-none-eabi/9.3.1/thumb/v7e-m+fp/hard/crtn.o
                0x000000000800a83c                . = ALIGN (0x4)
                0x000000000800a83c                _etext = .

.vfp11_veneer   0x000000000800a83c        0x0
 .vfp11_veneer  0x000000000800a83c        0x0 linker stubs

.v4_bx          0x000000000800a83c        0x0
 .v4_bx         0x000000000800a83c        0x0 linker stubs

.iplt           0x000000000800a83c        0x0
 .iplt          0x000000000800a83c        0x0 c:/st/stm32cubeide_1.8.0/stm32cubeide/plugins/com.st.stm32cube.ide.mcu.externaltools.gnu-tools-for-stm32.9-2020-q2-update.win32_2.0.0.202105311346/tools/bin/../lib/gcc/arm-none-eabi/9.3.1/thumb/v7e-m+fp/hard/crtbegin.o

.rodata         0x000000000800a83c      0x134
                0x000000000800a83c                . = ALIGN (0x4)
 *(.rodata)
 .rodata        0x000000000800a83c       0x14 ./Core/Src/main.o
 .rodata        0x000000000800a850        0x5 ./Middlewares/Third_Party/FreeRTOS/Source/tasks.o
 *fill*         0x000000000800a855        0x3 
 .rodata        0x000000000800a858        0xd ./Middlewares/Third_Party/FreeRTOS/Source/timers.o
 *fill*         0x000000000800a865        0x3 
 .rodata        0x000000000800a868       0x46 ./USB_DEVICE/App/usbd_desc.o
 *(.rodata*)
 *fill*         0x000000000800a8ae        0x2 
 .rodata.ReadIMU_attributes
                0x000000000800a8b0       0x24 ./Core/Src/main.o
                0x000000000800a8b0                ReadIMU_attributes
 .rodata.SendBLEData_attributes
                0x000000000800a8d4       0x24 ./Core/Src/main.o
                0x000000000800a8d4                SendBLEData_attributes
 .rodata.AHBPrescTable
                0x000000000800a8f8       0x10 ./Core/Src/system_stm32f4xx.o
                0x000000000800a8f8                AHBPrescTable
 .rodata.APBPrescTable
                0x000000000800a908        0x8 ./Core/Src/system_stm32f4xx.o
                0x000000000800a908                APBPrescTable
 .rodata.__sf_fake_stderr
                0x000000000800a910       0x20 c:/st/stm32cubeide_1.8.0/stm32cubeide/plugins/com.st.stm32cube.ide.mcu.externaltools.gnu-tools-for-stm32.9-2020-q2-update.win32_2.0.0.202105311346/tools/bin/../lib/gcc/arm-none-eabi/9.3.1/../../../../arm-none-eabi/lib/thumb/v7e-m+fp/hard\libc_nano.a(lib_a-findfp.o)
                0x000000000800a910                __sf_fake_stderr
 .rodata.__sf_fake_stdin
                0x000000000800a930       0x20 c:/st/stm32cubeide_1.8.0/stm32cubeide/plugins/com.st.stm32cube.ide.mcu.externaltools.gnu-tools-for-stm32.9-2020-q2-update.win32_2.0.0.202105311346/tools/bin/../lib/gcc/arm-none-eabi/9.3.1/../../../../arm-none-eabi/lib/thumb/v7e-m+fp/hard\libc_nano.a(lib_a-findfp.o)
                0x000000000800a930                __sf_fake_stdin
 .rodata.__sf_fake_stdout
                0x000000000800a950       0x20 c:/st/stm32cubeide_1.8.0/stm32cubeide/plugins/com.st.stm32cube.ide.mcu.externaltools.gnu-tools-for-stm32.9-2020-q2-update.win32_2.0.0.202105311346/tools/bin/../lib/gcc/arm-none-eabi/9.3.1/../../../../arm-none-eabi/lib/thumb/v7e-m+fp/hard\libc_nano.a(lib_a-findfp.o)
                0x000000000800a950                __sf_fake_stdout
                0x000000000800a970                . = ALIGN (0x4)

.ARM.extab      0x000000000800a970        0x0
                0x000000000800a970                . = ALIGN (0x4)
 *(.ARM.extab* .gnu.linkonce.armextab.*)
                0x000000000800a970                . = ALIGN (0x4)

.ARM            0x000000000800a970        0x8
                0x000000000800a970                . = ALIGN (0x4)
                0x000000000800a970                __exidx_start = .
 *(.ARM.exidx*)
 .ARM.exidx     0x000000000800a970        0x8 c:/st/stm32cubeide_1.8.0/stm32cubeide/plugins/com.st.stm32cube.ide.mcu.externaltools.gnu-tools-for-stm32.9-2020-q2-update.win32_2.0.0.202105311346/tools/bin/../lib/gcc/arm-none-eabi/9.3.1/thumb/v7e-m+fp/hard\libgcc.a(_udivmoddi4.o)
                0x000000000800a978                __exidx_end = .
                0x000000000800a978                . = ALIGN (0x4)

.rel.dyn        0x000000000800a978        0x0
 .rel.iplt      0x000000000800a978        0x0 c:/st/stm32cubeide_1.8.0/stm32cubeide/plugins/com.st.stm32cube.ide.mcu.externaltools.gnu-tools-for-stm32.9-2020-q2-update.win32_2.0.0.202105311346/tools/bin/../lib/gcc/arm-none-eabi/9.3.1/thumb/v7e-m+fp/hard/crtbegin.o

.preinit_array  0x000000000800a978        0x0
                0x000000000800a978                . = ALIGN (0x4)
                0x000000000800a978                PROVIDE (__preinit_array_start = .)
 *(.preinit_array*)
                0x000000000800a978                PROVIDE (__preinit_array_end = .)
                0x000000000800a978                . = ALIGN (0x4)

.init_array     0x000000000800a978        0x4
                0x000000000800a978                . = ALIGN (0x4)
                0x000000000800a978                PROVIDE (__init_array_start = .)
 *(SORT_BY_NAME(.init_array.*))
 *(.init_array*)
 .init_array    0x000000000800a978        0x4 c:/st/stm32cubeide_1.8.0/stm32cubeide/plugins/com.st.stm32cube.ide.mcu.externaltools.gnu-tools-for-stm32.9-2020-q2-update.win32_2.0.0.202105311346/tools/bin/../lib/gcc/arm-none-eabi/9.3.1/thumb/v7e-m+fp/hard/crtbegin.o
                0x000000000800a97c                PROVIDE (__init_array_end = .)
                0x000000000800a97c                . = ALIGN (0x4)

.fini_array     0x000000000800a97c        0x4
                0x000000000800a97c                . = ALIGN (0x4)
                [!provide]                        PROVIDE (__fini_array_start = .)
 *(SORT_BY_NAME(.fini_array.*))
 *(.fini_array*)
 .fini_array    0x000000000800a97c        0x4 c:/st/stm32cubeide_1.8.0/stm32cubeide/plugins/com.st.stm32cube.ide.mcu.externaltools.gnu-tools-for-stm32.9-2020-q2-update.win32_2.0.0.202105311346/tools/bin/../lib/gcc/arm-none-eabi/9.3.1/thumb/v7e-m+fp/hard/crtbegin.o
                [!provide]                        PROVIDE (__fini_array_end = .)
                0x000000000800a980                . = ALIGN (0x4)
                0x000000000800a980                _sidata = LOADADDR (.data)

.data           0x0000000020000000      0x1e8 load address 0x000000000800a980
                0x0000000020000000                . = ALIGN (0x4)
                0x0000000020000000                _sdata = .
 *(.data)
 *(.data*)
 .data.SystemCoreClock
                0x0000000020000000        0x4 ./Core/Src/system_stm32f4xx.o
                0x0000000020000000                SystemCoreClock
 .data.uwTickPrio
                0x0000000020000004        0x4 ./Drivers/STM32F4xx_HAL_Driver/Src/stm32f4xx_hal.o
                0x0000000020000004                uwTickPrio
 .data.uwTickFreq
                0x0000000020000008        0x1 ./Drivers/STM32F4xx_HAL_Driver/Src/stm32f4xx_hal.o
                0x0000000020000008                uwTickFreq
 *fill*         0x0000000020000009        0x3 
 .data.USBD_CDC_DeviceQualifierDesc
                0x000000002000000c        0xa ./Middlewares/ST/STM32_USB_Device_Library/Class/CDC/Src/usbd_cdc.o
 *fill*         0x0000000020000016        0x2 
 .data.USBD_CDC
                0x0000000020000018       0x38 ./Middlewares/ST/STM32_USB_Device_Library/Class/CDC/Src/usbd_cdc.o
                0x0000000020000018                USBD_CDC
 .data.USBD_CDC_CfgHSDesc
                0x0000000020000050       0x43 ./Middlewares/ST/STM32_USB_Device_Library/Class/CDC/Src/usbd_cdc.o
 *fill*         0x0000000020000093        0x1 
 .data.USBD_CDC_CfgFSDesc
                0x0000000020000094       0x43 ./Middlewares/ST/STM32_USB_Device_Library/Class/CDC/Src/usbd_cdc.o
 *fill*         0x00000000200000d7        0x1 
 .data.USBD_CDC_OtherSpeedCfgDesc
                0x00000000200000d8       0x43 ./Middlewares/ST/STM32_USB_Device_Library/Class/CDC/Src/usbd_cdc.o
 *fill*         0x000000002000011b        0x1 
 .data.uxCriticalNesting
                0x000000002000011c        0x4 ./Middlewares/Third_Party/FreeRTOS/Source/portable/GCC/ARM_CM4F/port.o
 .data.USBD_Interface_fops_FS
                0x0000000020000120       0x14 ./USB_DEVICE/App/usbd_cdc_if.o
                0x0000000020000120                USBD_Interface_fops_FS
 .data.FS_Desc  0x0000000020000134       0x1c ./USB_DEVICE/App/usbd_desc.o
                0x0000000020000134                FS_Desc
 .data.USBD_FS_DeviceDesc
                0x0000000020000150       0x12 ./USB_DEVICE/App/usbd_desc.o
                0x0000000020000150                USBD_FS_DeviceDesc
 *fill*         0x0000000020000162        0x2 
 .data.USBD_LangIDDesc
                0x0000000020000164        0x4 ./USB_DEVICE/App/usbd_desc.o
                0x0000000020000164                USBD_LangIDDesc
 .data.USBD_StringSerial
                0x0000000020000168       0x1a ./USB_DEVICE/App/usbd_desc.o
                0x0000000020000168                USBD_StringSerial
 *fill*         0x0000000020000182        0x2 
 .data._impure_ptr
                0x0000000020000184        0x4 c:/st/stm32cubeide_1.8.0/stm32cubeide/plugins/com.st.stm32cube.ide.mcu.externaltools.gnu-tools-for-stm32.9-2020-q2-update.win32_2.0.0.202105311346/tools/bin/../lib/gcc/arm-none-eabi/9.3.1/../../../../arm-none-eabi/lib/thumb/v7e-m+fp/hard\libc_nano.a(lib_a-impure.o)
                0x0000000020000184                _impure_ptr
 .data.impure_data
                0x0000000020000188       0x60 c:/st/stm32cubeide_1.8.0/stm32cubeide/plugins/com.st.stm32cube.ide.mcu.externaltools.gnu-tools-for-stm32.9-2020-q2-update.win32_2.0.0.202105311346/tools/bin/../lib/gcc/arm-none-eabi/9.3.1/../../../../arm-none-eabi/lib/thumb/v7e-m+fp/hard\libc_nano.a(lib_a-impure.o)
 *(.RamFunc)
 *(.RamFunc*)
                0x00000000200001e8                . = ALIGN (0x4)
                0x00000000200001e8                _edata = .

.igot.plt       0x00000000200001e8        0x0 load address 0x000000000800ab68
 .igot.plt      0x00000000200001e8        0x0 c:/st/stm32cubeide_1.8.0/stm32cubeide/plugins/com.st.stm32cube.ide.mcu.externaltools.gnu-tools-for-stm32.9-2020-q2-update.win32_2.0.0.202105311346/tools/bin/../lib/gcc/arm-none-eabi/9.3.1/thumb/v7e-m+fp/hard/crtbegin.o
                0x00000000200001e8                . = ALIGN (0x4)

.bss            0x00000000200001e8     0x6670 load address 0x000000000800ab68
                0x00000000200001e8                _sbss = .
                0x00000000200001e8                __bss_start__ = _sbss
 *(.bss)
 .bss           0x00000000200001e8       0x1c c:/st/stm32cubeide_1.8.0/stm32cubeide/plugins/com.st.stm32cube.ide.mcu.externaltools.gnu-tools-for-stm32.9-2020-q2-update.win32_2.0.0.202105311346/tools/bin/../lib/gcc/arm-none-eabi/9.3.1/thumb/v7e-m+fp/hard/crtbegin.o
 *(.bss*)
 .bss.cfgidx.10693
                0x0000000020000204        0x1 ./Middlewares/ST/STM32_USB_Device_Library/Core/Src/usbd_ctlreq.o
 *fill*         0x0000000020000205        0x3 
 .bss.KernelState
                0x0000000020000208        0x4 ./Middlewares/Third_Party/FreeRTOS/Source/CMSIS_RTOS_V2/cmsis_os2.o
 .bss.Idle_TCB.10639
                0x000000002000020c       0xbc ./Middlewares/Third_Party/FreeRTOS/Source/CMSIS_RTOS_V2/cmsis_os2.o
 .bss.Idle_Stack.10640
                0x00000000200002c8      0x200 ./Middlewares/Third_Party/FreeRTOS/Source/CMSIS_RTOS_V2/cmsis_os2.o
 .bss.Timer_TCB.10646
                0x00000000200004c8       0xbc ./Middlewares/Third_Party/FreeRTOS/Source/CMSIS_RTOS_V2/cmsis_os2.o
 .bss.Timer_Stack.10647
                0x0000000020000584      0x400 ./Middlewares/Third_Party/FreeRTOS/Source/CMSIS_RTOS_V2/cmsis_os2.o
 .bss.pxCurrentTCB
                0x0000000020000984        0x4 ./Middlewares/Third_Party/FreeRTOS/Source/tasks.o
                0x0000000020000984                pxCurrentTCB
 .bss.pxReadyTasksLists
                0x0000000020000988      0x460 ./Middlewares/Third_Party/FreeRTOS/Source/tasks.o
 .bss.xDelayedTaskList1
                0x0000000020000de8       0x14 ./Middlewares/Third_Party/FreeRTOS/Source/tasks.o
 .bss.xDelayedTaskList2
                0x0000000020000dfc       0x14 ./Middlewares/Third_Party/FreeRTOS/Source/tasks.o
 .bss.pxDelayedTaskList
                0x0000000020000e10        0x4 ./Middlewares/Third_Party/FreeRTOS/Source/tasks.o
 .bss.pxOverflowDelayedTaskList
                0x0000000020000e14        0x4 ./Middlewares/Third_Party/FreeRTOS/Source/tasks.o
 .bss.xPendingReadyList
                0x0000000020000e18       0x14 ./Middlewares/Third_Party/FreeRTOS/Source/tasks.o
 .bss.xTasksWaitingTermination
                0x0000000020000e2c       0x14 ./Middlewares/Third_Party/FreeRTOS/Source/tasks.o
 .bss.uxDeletedTasksWaitingCleanUp
                0x0000000020000e40        0x4 ./Middlewares/Third_Party/FreeRTOS/Source/tasks.o
 .bss.xSuspendedTaskList
                0x0000000020000e44       0x14 ./Middlewares/Third_Party/FreeRTOS/Source/tasks.o
 .bss.uxCurrentNumberOfTasks
                0x0000000020000e58        0x4 ./Middlewares/Third_Party/FreeRTOS/Source/tasks.o
 .bss.xTickCount
                0x0000000020000e5c        0x4 ./Middlewares/Third_Party/FreeRTOS/Source/tasks.o
 .bss.uxTopReadyPriority
                0x0000000020000e60        0x4 ./Middlewares/Third_Party/FreeRTOS/Source/tasks.o
 .bss.xSchedulerRunning
                0x0000000020000e64        0x4 ./Middlewares/Third_Party/FreeRTOS/Source/tasks.o
 .bss.xPendedTicks
                0x0000000020000e68        0x4 ./Middlewares/Third_Party/FreeRTOS/Source/tasks.o
 .bss.xYieldPending
                0x0000000020000e6c        0x4 ./Middlewares/Third_Party/FreeRTOS/Source/tasks.o
 .bss.xNumOfOverflows
                0x0000000020000e70        0x4 ./Middlewares/Third_Party/FreeRTOS/Source/tasks.o
 .bss.uxTaskNumber
                0x0000000020000e74        0x4 ./Middlewares/Third_Party/FreeRTOS/Source/tasks.o
 .bss.xNextTaskUnblockTime
                0x0000000020000e78        0x4 ./Middlewares/Third_Party/FreeRTOS/Source/tasks.o
 .bss.xIdleTaskHandle
                0x0000000020000e7c        0x4 ./Middlewares/Third_Party/FreeRTOS/Source/tasks.o
 .bss.uxSchedulerSuspended
                0x0000000020000e80        0x4 ./Middlewares/Third_Party/FreeRTOS/Source/tasks.o
 .bss.xActiveTimerList1
                0x0000000020000e84       0x14 ./Middlewares/Third_Party/FreeRTOS/Source/timers.o
 .bss.xActiveTimerList2
                0x0000000020000e98       0x14 ./Middlewares/Third_Party/FreeRTOS/Source/timers.o
 .bss.pxCurrentTimerList
                0x0000000020000eac        0x4 ./Middlewares/Third_Party/FreeRTOS/Source/timers.o
 .bss.pxOverflowTimerList
                0x0000000020000eb0        0x4 ./Middlewares/Third_Party/FreeRTOS/Source/timers.o
 .bss.xTimerQueue
                0x0000000020000eb4        0x4 ./Middlewares/Third_Party/FreeRTOS/Source/timers.o
 .bss.xTimerTaskHandle
                0x0000000020000eb8        0x4 ./Middlewares/Third_Party/FreeRTOS/Source/timers.o
 .bss.xLastTime.7010
                0x0000000020000ebc        0x4 ./Middlewares/Third_Party/FreeRTOS/Source/timers.o
 .bss.ucStaticTimerQueueStorage.7061
                0x0000000020000ec0       0xa0 ./Middlewares/Third_Party/FreeRTOS/Source/timers.o
 .bss.xStaticTimerQueue.7060
                0x0000000020000f60       0x50 ./Middlewares/Third_Party/FreeRTOS/Source/timers.o
 .bss.ucMaxSysCallPriority
                0x0000000020000fb0        0x1 ./Middlewares/Third_Party/FreeRTOS/Source/portable/GCC/ARM_CM4F/port.o
 *fill*         0x0000000020000fb1        0x3 
 .bss.ulMaxPRIGROUPValue
                0x0000000020000fb4        0x4 ./Middlewares/Third_Party/FreeRTOS/Source/portable/GCC/ARM_CM4F/port.o
 .bss.ucHeap    0x0000000020000fb8     0x3c00 ./Middlewares/Third_Party/FreeRTOS/Source/portable/MemMang/heap_4.o
 .bss.xStart    0x0000000020004bb8        0x8 ./Middlewares/Third_Party/FreeRTOS/Source/portable/MemMang/heap_4.o
 .bss.pxEnd     0x0000000020004bc0        0x4 ./Middlewares/Third_Party/FreeRTOS/Source/portable/MemMang/heap_4.o
 .bss.xFreeBytesRemaining
                0x0000000020004bc4        0x4 ./Middlewares/Third_Party/FreeRTOS/Source/portable/MemMang/heap_4.o
 .bss.xMinimumEverFreeBytesRemaining
                0x0000000020004bc8        0x4 ./Middlewares/Third_Party/FreeRTOS/Source/portable/MemMang/heap_4.o
 .bss.xNumberOfSuccessfulAllocations
                0x0000000020004bcc        0x4 ./Middlewares/Third_Party/FreeRTOS/Source/portable/MemMang/heap_4.o
 .bss.xNumberOfSuccessfulFrees
                0x0000000020004bd0        0x4 ./Middlewares/Third_Party/FreeRTOS/Source/portable/MemMang/heap_4.o
 .bss.xBlockAllocatedBit
                0x0000000020004bd4        0x4 ./Middlewares/Third_Party/FreeRTOS/Source/portable/MemMang/heap_4.o
 .bss.mem.10762
                0x0000000020004bd8      0x220 ./USB_DEVICE/Target/usbd_conf.o
 .bss.__malloc_free_list
                0x0000000020004df8        0x4 c:/st/stm32cubeide_1.8.0/stm32cubeide/plugins/com.st.stm32cube.ide.mcu.externaltools.gnu-tools-for-stm32.9-2020-q2-update.win32_2.0.0.202105311346/tools/bin/../lib/gcc/arm-none-eabi/9.3.1/../../../../arm-none-eabi/lib/thumb/v7e-m+fp/hard\libc_nano.a(lib_a-nano-mallocr.o)
                0x0000000020004df8                __malloc_free_list
 *(COMMON)
 COMMON         0x0000000020004dfc       0xec ./Core/Src/main.o
                0x0000000020004dfc                acc
                0x0000000020004e48                hi2c1
                0x0000000020004e9c                SendBLEDataHandle
                0x0000000020004ea0                huart1
                0x0000000020004ee4                ReadIMUHandle
 COMMON         0x0000000020004ee8       0x48 ./Core/Src/stm32f4xx_hal_timebase_tim.o
                0x0000000020004ee8                htim9
 COMMON         0x0000000020004f30        0x4 ./Drivers/STM32F4xx_HAL_Driver/Src/stm32f4xx_hal.o
                0x0000000020004f30                uwTick
 COMMON         0x0000000020004f34       0x40 ./Middlewares/Third_Party/FreeRTOS/Source/queue.o
                0x0000000020004f34                xQueueRegistry
 COMMON         0x0000000020004f74      0x2d0 ./USB_DEVICE/App/usb_device.o
                0x0000000020004f74                hUsbDeviceFS
 COMMON         0x0000000020005244     0x1000 ./USB_DEVICE/App/usbd_cdc_if.o
                0x0000000020005244                UserRxBufferFS
                0x0000000020005a44                UserTxBufferFS
 COMMON         0x0000000020006244      0x200 ./USB_DEVICE/App/usbd_desc.o
                0x0000000020006244                USBD_StrDesc
 COMMON         0x0000000020006444      0x408 ./USB_DEVICE/Target/usbd_conf.o
                0x0000000020006444                hpcd_USB_OTG_FS
 COMMON         0x000000002000684c        0x9 c:/st/stm32cubeide_1.8.0/stm32cubeide/plugins/com.st.stm32cube.ide.mcu.externaltools.gnu-tools-for-stm32.9-2020-q2-update.win32_2.0.0.202105311346/tools/bin/../lib/gcc/arm-none-eabi/9.3.1/../../../../arm-none-eabi/lib/thumb/v7e-m+fp/hard\libc_nano.a(lib_a-lock.o)
                0x000000002000684c                __lock___atexit_recursive_mutex
                0x000000002000684d                __lock___arc4random_mutex
                0x000000002000684e                __lock___env_recursive_mutex
                0x000000002000684f                __lock___sinit_recursive_mutex
                0x0000000020006850                __lock___malloc_recursive_mutex
                0x0000000020006851                __lock___at_quick_exit_mutex
                0x0000000020006852                __lock___dd_hash_mutex
                0x0000000020006853                __lock___tz_mutex
                0x0000000020006854                __lock___sfp_recursive_mutex
                0x0000000020006858                . = ALIGN (0x4)
 *fill*         0x0000000020006855        0x3 
                0x0000000020006858                _ebss = .
                0x0000000020006858                __bss_end__ = _ebss

._user_heap_stack
                0x0000000020006858      0x600 load address 0x000000000800ab68
                0x0000000020006858                . = ALIGN (0x8)
                [!provide]                        PROVIDE (end = .)
                0x0000000020006858                PROVIDE (_end = .)
                0x0000000020006a58                . = (. + _Min_Heap_Size)
 *fill*         0x0000000020006858      0x200 
                0x0000000020006e58                . = (. + _Min_Stack_Size)
 *fill*         0x0000000020006a58      0x400 
                0x0000000020006e58                . = ALIGN (0x8)

/DISCARD/
 libc.a(*)
 libm.a(*)
 libgcc.a(*)

.ARM.attributes
                0x0000000000000000       0x30
 *(.ARM.attributes)
 .ARM.attributes
                0x0000000000000000       0x1e c:/st/stm32cubeide_1.8.0/stm32cubeide/plugins/com.st.stm32cube.ide.mcu.externaltools.gnu-tools-for-stm32.9-2020-q2-update.win32_2.0.0.202105311346/tools/bin/../lib/gcc/arm-none-eabi/9.3.1/thumb/v7e-m+fp/hard/crti.o
 .ARM.attributes
                0x000000000000001e       0x34 c:/st/stm32cubeide_1.8.0/stm32cubeide/plugins/com.st.stm32cube.ide.mcu.externaltools.gnu-tools-for-stm32.9-2020-q2-update.win32_2.0.0.202105311346/tools/bin/../lib/gcc/arm-none-eabi/9.3.1/thumb/v7e-m+fp/hard/crtbegin.o
 .ARM.attributes
                0x0000000000000052       0x34 ./Core/Src/I2C.o
 .ARM.attributes
                0x0000000000000086       0x34 ./Core/Src/MPU6050.o
 .ARM.attributes
                0x00000000000000ba       0x34 ./Core/Src/main.o
 .ARM.attributes
                0x00000000000000ee       0x34 ./Core/Src/stm32f4xx_hal_msp.o
 .ARM.attributes
                0x0000000000000122       0x34 ./Core/Src/stm32f4xx_hal_timebase_tim.o
 .ARM.attributes
                0x0000000000000156       0x34 ./Core/Src/stm32f4xx_it.o
 .ARM.attributes
                0x000000000000018a       0x34 ./Core/Src/system_stm32f4xx.o
 .ARM.attributes
                0x00000000000001be       0x21 ./Core/Startup/startup_stm32f411ceux.o
 .ARM.attributes
                0x00000000000001df       0x34 ./Drivers/STM32F4xx_HAL_Driver/Src/stm32f4xx_hal.o
 .ARM.attributes
                0x0000000000000213       0x34 ./Drivers/STM32F4xx_HAL_Driver/Src/stm32f4xx_hal_cortex.o
 .ARM.attributes
                0x0000000000000247       0x34 ./Drivers/STM32F4xx_HAL_Driver/Src/stm32f4xx_hal_gpio.o
 .ARM.attributes
                0x000000000000027b       0x34 ./Drivers/STM32F4xx_HAL_Driver/Src/stm32f4xx_hal_i2c.o
 .ARM.attributes
                0x00000000000002af       0x34 ./Drivers/STM32F4xx_HAL_Driver/Src/stm32f4xx_hal_pcd.o
 .ARM.attributes
                0x00000000000002e3       0x34 ./Drivers/STM32F4xx_HAL_Driver/Src/stm32f4xx_hal_pcd_ex.o
 .ARM.attributes
                0x0000000000000317       0x34 ./Drivers/STM32F4xx_HAL_Driver/Src/stm32f4xx_hal_rcc.o
 .ARM.attributes
                0x000000000000034b       0x34 ./Drivers/STM32F4xx_HAL_Driver/Src/stm32f4xx_hal_tim.o
 .ARM.attributes
                0x000000000000037f       0x34 ./Drivers/STM32F4xx_HAL_Driver/Src/stm32f4xx_hal_tim_ex.o
 .ARM.attributes